This file contains any messages produced by compilers while
running configure, to aid debugging if configure makes a mistake.

It was created by MPFR configure 4.2.2, which was
generated by GNU Autoconf 2.72.  Invocation command line was

  $ /afs/cern.ch/user/a/adevita/public/Renzi/SC4PS-25-26/HW5/.mpfr-build/sources/mpfr-4.2.2/configure --prefix=/afs/cern.ch/user/a/adevita/public/Renzi/SC4PS-25-26/HW5/.mpfr-env --with-gmp=/afs/cern.ch/user/a/adevita/public/Renzi/SC4PS-25-26/HW5/.mpfr-env --enable-shared --enable-static

## --------- ##
## Platform. ##
## --------- ##

hostname = lxplus949.cern.ch
uname -m = x86_64
uname -r = 5.14.0-687.39.1.el9_8.x86_64
uname -s = Linux
uname -v = #1 SMP PREEMPT_DYNAMIC Tue Aug 11 21:20:33 EDT 2026

/usr/bin/uname -p = x86_64
/bin/uname -X     = unknown

/bin/arch              = x86_64
/usr/bin/arch -k       = unknown
/usr/convex/getsysinfo = unknown
/usr/bin/hostinfo      = unknown
/bin/machine           = unknown
/usr/bin/oslevel       = unknown
/bin/universe          = unknown

PATH: /afs/cern.ch/user/a/adevita/.local/npm/bin/
PATH: /afs/cern.ch/cms/caf/scripts/
PATH: /cvmfs/cms.cern.ch/share/x86_64/cms/prmon/v2026022600/bin/
PATH: /cvmfs/cms.cern.ch/common/
PATH: /afs/cern.ch/user/a/adevita/.vscode-server/cli/servers/Stable-2242ebbb54efeeb0129e08e919e7e8d43033cd83/server/bin/remote-cli/
PATH: /afs/cern.ch/user/a/adevita/.local/npm/bin/
PATH: /afs/cern.ch/cms/caf/scripts/
PATH: /cvmfs/cms.cern.ch/share/x86_64/cms/prmon/v2026022600/bin/
PATH: /cvmfs/cms.cern.ch/common/
PATH: /afs/cern.ch/user/a/adevita/.nvm/versions/node/v24.18.0/bin/
PATH: /afs/cern.ch/user/a/adevita/.local/npm/bin/
PATH: /afs/cern.ch/user/a/adevita/.local/bin/
PATH: /afs/cern.ch/user/a/adevita/bin/
PATH: /afs/cern.ch/cms/caf/scripts/
PATH: /cvmfs/cms.cern.ch/share/x86_64/cms/prmon/v2026022600/bin/
PATH: /cvmfs/cms.cern.ch/common/
PATH: /usr/sue/bin/
PATH: /usr/share/Modules/bin/
PATH: /usr/condabin/
PATH: /usr/lib64/ccache/
PATH: /usr/local/bin/
PATH: /usr/bin/
PATH: /usr/local/sbin/
PATH: /usr/sbin/
PATH: /opt/puppetlabs/bin/
PATH: /afs/cern.ch/user/a/adevita/nvim-linux-x86_64/bin/
PATH: /afs/cern.ch/user/a/adevita/nvim-linux-x86_64/bin/
PATH: /afs/cern.ch/user/a/adevita/nvim-linux-x86_64/bin/


## ----------- ##
## Core tests. ##
## ----------- ##

configure:2897: looking for aux files: ltmain.sh ar-lib compile missing install-sh config.guess config.sub
configure:2910:  trying /afs/cern.ch/user/a/adevita/public/Renzi/SC4PS-25-26/HW5/.mpfr-build/sources/mpfr-4.2.2/
configure:2939:   /afs/cern.ch/user/a/adevita/public/Renzi/SC4PS-25-26/HW5/.mpfr-build/sources/mpfr-4.2.2/ltmain.sh found
configure:2939:   /afs/cern.ch/user/a/adevita/public/Renzi/SC4PS-25-26/HW5/.mpfr-build/sources/mpfr-4.2.2/ar-lib found
configure:2939:   /afs/cern.ch/user/a/adevita/public/Renzi/SC4PS-25-26/HW5/.mpfr-build/sources/mpfr-4.2.2/compile found
configure:2939:   /afs/cern.ch/user/a/adevita/public/Renzi/SC4PS-25-26/HW5/.mpfr-build/sources/mpfr-4.2.2/missing found
configure:2921:   /afs/cern.ch/user/a/adevita/public/Renzi/SC4PS-25-26/HW5/.mpfr-build/sources/mpfr-4.2.2/install-sh found
configure:2939:   /afs/cern.ch/user/a/adevita/public/Renzi/SC4PS-25-26/HW5/.mpfr-build/sources/mpfr-4.2.2/config.guess found
configure:2939:   /afs/cern.ch/user/a/adevita/public/Renzi/SC4PS-25-26/HW5/.mpfr-build/sources/mpfr-4.2.2/config.sub found
configure:3059: checking build system type
configure:3075: result: x86_64-pc-linux-gnu
configure:3095: checking host system type
configure:3110: result: x86_64-pc-linux-gnu
configure:3148: checking for a BSD-compatible install
configure:3222: result: /usr/bin/install -c
configure:3233: checking whether sleep supports fractional seconds
configure:3249: result: yes
configure:3252: checking filesystem timestamp resolution
configure:3387: result: 2
configure:3392: checking whether build environment is sane
configure:3433: result: yes
configure:3604: checking for a race-free mkdir -p
configure:3647: result: /usr/bin/mkdir -p
configure:3654: checking for gawk
configure:3675: found /usr/bin/gawk
configure:3687: result: gawk
configure:3698: checking whether make sets $(MAKE)
configure:3722: result: yes
configure:3748: checking whether make supports nested variables
configure:3767: result: yes
configure:3781: checking xargs -n works
configure:3797: result: yes
configure:3891: checking whether to enable maintainer-specific portions of Makefiles
configure:3902: result: yes
configure:3926: checking for grep that handles long lines and -e
configure:3992: result: /usr/bin/grep
configure:3997: checking for egrep
configure:4067: result: /usr/bin/grep -E
configure:4074: checking for a sed that does not truncate output
configure:4146: result: /usr/bin/sed
configure:4566: checking whether configure options are compatible
configure:4589: result: yes
configure:4602: checking for CC and CFLAGS in gmp.h
configure:4635: result: CC=gcc CFLAGS=-O2 -fomit-frame-pointer -m64 -mtune=znver3 -march=znver3
configure:4641: checking for CC=gcc and CFLAGS=-O2 -fomit-frame-pointer -m64 -mtune=znver3 -march=znver3
configure:4645: result: yes
configure:4722: checking for gcc
configure:4755: result: gcc
configure:5114: checking for C compiler version
configure:5123: gcc --version >&5
gcc (GCC) 11.5.0 20240719 (Red Hat 11.5.0-14)
Copyright (C) 2021 Free Software Foundation, Inc.
This is free software; see the source for copying conditions.  There is NO
warranty; not even for MERCHANTABILITY or FITNESS FOR A PARTICULAR PURPOSE.

configure:5134: $? = 0
configure:5123: gcc -v >&5
Using built-in specs.
COLLECT_GCC=/usr/bin/gcc
COLLECT_LTO_WRAPPER=/usr/libexec/gcc/x86_64-redhat-linux/11/lto-wrapper
OFFLOAD_TARGET_NAMES=nvptx-none
OFFLOAD_TARGET_DEFAULT=1
Target: x86_64-redhat-linux
Configured with: ../configure --enable-bootstrap --enable-host-pie --enable-host-bind-now --enable-languages=c,c++,fortran,lto --prefix=/usr --mandir=/usr/share/man --infodir=/usr/share/info --with-bugurl=http://bugzilla.redhat.com/bugzilla --enable-shared --enable-threads=posix --enable-checking=release --with-system-zlib --enable-__cxa_atexit --disable-libunwind-exceptions --enable-gnu-unique-object --enable-linker-build-id --with-gcc-major-version-only --enable-plugin --enable-initfini-array --without-isl --enable-multilib --with-linker-hash-style=gnu --enable-offload-targets=nvptx-none --without-cuda-driver --enable-gnu-indirect-function --enable-cet --with-tune=generic --with-arch_64=x86-64-v2 --with-arch_32=x86-64 --build=x86_64-redhat-linux --with-build-config=bootstrap-lto --enable-link-serialization=1
Thread model: posix
Supported LTO compression algorithms: zlib zstd
gcc version 11.5.0 20240719 (Red Hat 11.5.0-14) (GCC) 
... rest of stderr output deleted ...
configure:5134: $? = 0
configure:5123: gcc -V >&5
gcc: error: unrecognized command-line option '-V'
gcc: fatal error: no input files
compilation terminated.
configure:5134: $? = 1
configure:5123: gcc -qversion >&5
gcc: error: unrecognized command-line option '-qversion'; did you mean '--version'?
gcc: fatal error: no input files
compilation terminated.
configure:5134: $? = 1
configure:5123: gcc -version >&5
gcc: error: unrecognized command-line option '-version'
gcc: fatal error: no input files
compilation terminated.
configure:5134: $? = 1
configure:5154: checking whether the C compiler works
configure:5176: gcc -O2 -fomit-frame-pointer -m64 -mtune=znver3 -march=znver3  -I/afs/cern.ch/user/a/adevita/public/Renzi/SC4PS-25-26/HW5/.mpfr-env/include  -L/afs/cern.ch/user/a/adevita/public/Renzi/SC4PS-25-26/HW5/.mpfr-env/lib conftest.c  >&5
configure:5180: $? = 0
configure:5231: result: yes
configure:5235: checking for C compiler default output file name
configure:5237: result: a.out
configure:5243: checking for suffix of executables
configure:5250: gcc -o conftest -O2 -fomit-frame-pointer -m64 -mtune=znver3 -march=znver3  -I/afs/cern.ch/user/a/adevita/public/Renzi/SC4PS-25-26/HW5/.mpfr-env/include  -L/afs/cern.ch/user/a/adevita/public/Renzi/SC4PS-25-26/HW5/.mpfr-env/lib conftest.c  >&5
configure:5254: $? = 0
configure:5278: result: 
configure:5302: checking whether we are cross compiling
configure:5310: gcc -o conftest -O2 -fomit-frame-pointer -m64 -mtune=znver3 -march=znver3  -I/afs/cern.ch/user/a/adevita/public/Renzi/SC4PS-25-26/HW5/.mpfr-env/include  -L/afs/cern.ch/user/a/adevita/public/Renzi/SC4PS-25-26/HW5/.mpfr-env/lib conftest.c  >&5
configure:5314: $? = 0
configure:5321: ./conftest
configure:5325: $? = 0
configure:5340: result: no
configure:5346: checking for suffix of object files
configure:5369: gcc -c -O2 -fomit-frame-pointer -m64 -mtune=znver3 -march=znver3  -I/afs/cern.ch/user/a/adevita/public/Renzi/SC4PS-25-26/HW5/.mpfr-env/include conftest.c >&5
configure:5373: $? = 0
configure:5397: result: o
configure:5401: checking whether the compiler supports GNU C
configure:5421: gcc -c -O2 -fomit-frame-pointer -m64 -mtune=znver3 -march=znver3  -I/afs/cern.ch/user/a/adevita/public/Renzi/SC4PS-25-26/HW5/.mpfr-env/include conftest.c >&5
configure:5421: $? = 0
configure:5433: result: yes
configure:5444: checking whether gcc accepts -g
configure:5465: gcc -c -g  -I/afs/cern.ch/user/a/adevita/public/Renzi/SC4PS-25-26/HW5/.mpfr-env/include conftest.c >&5
configure:5465: $? = 0
configure:5512: result: yes
configure:5532: checking for gcc option to enable C11 features
configure:5547: gcc  -c -O2 -fomit-frame-pointer -m64 -mtune=znver3 -march=znver3  -I/afs/cern.ch/user/a/adevita/public/Renzi/SC4PS-25-26/HW5/.mpfr-env/include conftest.c >&5
configure:5547: $? = 0
configure:5566: result: none needed
configure:5690: checking whether gcc understands -c and -o together
configure:5713: gcc -c conftest.c -o conftest2.o
configure:5716: $? = 0
configure:5713: gcc -c conftest.c -o conftest2.o
configure:5716: $? = 0
configure:5729: result: yes
configure:5749: checking whether make supports the include directive
configure:5764: make -f confmf.GNU && cat confinc.out
this is the am__doit target
configure:5767: $? = 0
configure:5786: result: yes (GNU style)
configure:5812: checking dependency style of gcc
configure:5925: result: gcc3
configure:5945: checking how to run the C preprocessor
configure:5971: gcc -E  -I/afs/cern.ch/user/a/adevita/public/Renzi/SC4PS-25-26/HW5/.mpfr-env/include conftest.c
configure:5971: $? = 0
configure:5987: gcc -E  -I/afs/cern.ch/user/a/adevita/public/Renzi/SC4PS-25-26/HW5/.mpfr-env/include conftest.c
conftest.c:9:10: fatal error: ac_nonexistent.h: No such file or directory
    9 | #include <ac_nonexistent.h>
      |          ^~~~~~~~~~~~~~~~~~
compilation terminated.
configure:5987: $? = 1
configure: failed program was:
| /* confdefs.h */
| #define PACKAGE_NAME "MPFR"
| #define PACKAGE_TARNAME "mpfr"
| #define PACKAGE_VERSION "4.2.2"
| #define PACKAGE_STRING "MPFR 4.2.2"
| #define PACKAGE_BUGREPORT ""
| #define PACKAGE_URL ""
| /* end confdefs.h.  */
| #include <ac_nonexistent.h>
configure:6016: result: gcc -E
configure:6030: gcc -E  -I/afs/cern.ch/user/a/adevita/public/Renzi/SC4PS-25-26/HW5/.mpfr-env/include conftest.c
configure:6030: $? = 0
configure:6046: gcc -E  -I/afs/cern.ch/user/a/adevita/public/Renzi/SC4PS-25-26/HW5/.mpfr-env/include conftest.c
conftest.c:9:10: fatal error: ac_nonexistent.h: No such file or directory
    9 | #include <ac_nonexistent.h>
      |          ^~~~~~~~~~~~~~~~~~
compilation terminated.
configure:6046: $? = 1
configure: failed program was:
| /* confdefs.h */
| #define PACKAGE_NAME "MPFR"
| #define PACKAGE_TARNAME "mpfr"
| #define PACKAGE_VERSION "4.2.2"
| #define PACKAGE_STRING "MPFR 4.2.2"
| #define PACKAGE_BUGREPORT ""
| #define PACKAGE_URL ""
| /* end confdefs.h.  */
| #include <ac_nonexistent.h>
configure:6142: checking for ar
configure:6163: found /usr/bin/ar
configure:6175: result: ar
configure:6202: checking the archiver (ar) interface
configure:6219: gcc -c -O2 -fomit-frame-pointer -m64 -mtune=znver3 -march=znver3  -I/afs/cern.ch/user/a/adevita/public/Renzi/SC4PS-25-26/HW5/.mpfr-env/include conftest.c >&5
configure:6219: $? = 0
configure:6222: ar cr libconftest.a conftest.o >&5
configure:6225: $? = 0
configure:6254: result: ar
configure:6322: checking how to print strings
configure:6349: result: printf
configure:6370: checking for a sed that does not truncate output
configure:6442: result: /usr/bin/sed
configure:6460: checking for fgrep
configure:6530: result: /usr/bin/grep -F
configure:6567: checking for ld used by gcc
configure:6636: result: /usr/bin/ld
configure:6643: checking if the linker (/usr/bin/ld) is GNU ld
configure:6660: result: yes
configure:6672: checking for BSD- or MS-compatible name lister (nm)
configure:6728: result: /usr/bin/nm -B
configure:6870: checking the name lister (/usr/bin/nm -B) interface
configure:6878: gcc -c -O2 -fomit-frame-pointer -m64 -mtune=znver3 -march=znver3  -I/afs/cern.ch/user/a/adevita/public/Renzi/SC4PS-25-26/HW5/.mpfr-env/include conftest.c >&5
configure:6881: /usr/bin/nm -B "conftest.o"
configure:6884: output
0000000000000000 B some_variable
configure:6892: result: BSD nm
configure:6895: checking whether ln -s works
configure:6899: result: yes
configure:6907: checking the maximum length of command line arguments
configure:7040: result: 1572864
configure:7088: checking how to convert x86_64-pc-linux-gnu file names to x86_64-pc-linux-gnu format
configure:7130: result: func_convert_file_noop
configure:7137: checking how to convert x86_64-pc-linux-gnu file names to toolchain format
configure:7159: result: func_convert_file_noop
configure:7166: checking for /usr/bin/ld option to reload object files
configure:7175: result: -r
configure:7208: checking for file
configure:7229: found /usr/bin/file
configure:7242: result: file
configure:7305: checking for objdump
configure:7326: found /usr/bin/objdump
configure:7338: result: objdump
configure:7367: checking how to recognize dependent libraries
configure:7576: result: pass_all
configure:7667: checking for dlltool
configure:7703: result: no
configure:7730: checking how to associate runtime and link libraries
configure:7759: result: printf %s\n
configure:7819: checking for ranlib
configure:7840: found /usr/bin/ranlib
configure:7852: result: ranlib
configure:8015: checking for archiver @FILE support
configure:8033: gcc -c -O2 -fomit-frame-pointer -m64 -mtune=znver3 -march=znver3  -I/afs/cern.ch/user/a/adevita/public/Renzi/SC4PS-25-26/HW5/.mpfr-env/include conftest.c >&5
configure:8033: $? = 0
configure:8037: ar cr libconftest.a @conftest.lst >&5
configure:8040: $? = 0
configure:8045: ar cr libconftest.a @conftest.lst >&5
ar: conftest.o: No such file or directory
configure:8048: $? = 1
configure:8061: result: @
configure:8125: checking for strip
configure:8146: found /usr/bin/strip
configure:8158: result: strip
configure:8261: checking command to parse /usr/bin/nm -B output from gcc object
configure:8415: gcc -c -O2 -fomit-frame-pointer -m64 -mtune=znver3 -march=znver3  -I/afs/cern.ch/user/a/adevita/public/Renzi/SC4PS-25-26/HW5/.mpfr-env/include conftest.c >&5
configure:8418: $? = 0
configure:8422: /usr/bin/nm -B conftest.o | /usr/bin/sed -n -e 's/^.*[	 ]\([ABCDGIRSTW][ABCDGIRSTW]*\)[	 ][	 ]*\([_A-Za-z][_A-Za-z0-9]*\)$/\1 \2 \2/p' | /usr/bin/sed '/ __gnu_lto/d' > conftest.nm
configure:8488: gcc -o conftest -O2 -fomit-frame-pointer -m64 -mtune=znver3 -march=znver3  -I/afs/cern.ch/user/a/adevita/public/Renzi/SC4PS-25-26/HW5/.mpfr-env/include  -L/afs/cern.ch/user/a/adevita/public/Renzi/SC4PS-25-26/HW5/.mpfr-env/lib conftest.c conftstm.o >&5
configure:8491: $? = 0
configure:8530: result: ok
configure:8577: checking for sysroot
configure:8611: result: no
configure:8618: checking for a working dd
configure:8663: result: /usr/bin/dd
configure:8667: checking how to truncate binary pipes
configure:8684: result: /usr/bin/dd bs=4096 count=1
configure:8821: gcc -c -O2 -fomit-frame-pointer -m64 -mtune=znver3 -march=znver3  -I/afs/cern.ch/user/a/adevita/public/Renzi/SC4PS-25-26/HW5/.mpfr-env/include conftest.c >&5
configure:8824: $? = 0
configure:9024: checking for mt
configure:9060: result: no
configure:9080: checking if : is a manifest tool
configure:9087: : '-?'
configure:9096: result: no
configure:9893: checking for stdio.h
configure:9893: gcc -c -O2 -fomit-frame-pointer -m64 -mtune=znver3 -march=znver3  -I/afs/cern.ch/user/a/adevita/public/Renzi/SC4PS-25-26/HW5/.mpfr-env/include conftest.c >&5
configure:9893: $? = 0
configure:9893: result: yes
configure:9893: checking for stdlib.h
configure:9893: gcc -c -O2 -fomit-frame-pointer -m64 -mtune=znver3 -march=znver3  -I/afs/cern.ch/user/a/adevita/public/Renzi/SC4PS-25-26/HW5/.mpfr-env/include conftest.c >&5
configure:9893: $? = 0
configure:9893: result: yes
configure:9893: checking for string.h
configure:9893: gcc -c -O2 -fomit-frame-pointer -m64 -mtune=znver3 -march=znver3  -I/afs/cern.ch/user/a/adevita/public/Renzi/SC4PS-25-26/HW5/.mpfr-env/include conftest.c >&5
configure:9893: $? = 0
configure:9893: result: yes
configure:9893: checking for inttypes.h
configure:9893: gcc -c -O2 -fomit-frame-pointer -m64 -mtune=znver3 -march=znver3  -I/afs/cern.ch/user/a/adevita/public/Renzi/SC4PS-25-26/HW5/.mpfr-env/include conftest.c >&5
configure:9893: $? = 0
configure:9893: result: yes
configure:9893: checking for stdint.h
configure:9893: gcc -c -O2 -fomit-frame-pointer -m64 -mtune=znver3 -march=znver3  -I/afs/cern.ch/user/a/adevita/public/Renzi/SC4PS-25-26/HW5/.mpfr-env/include conftest.c >&5
configure:9893: $? = 0
configure:9893: result: yes
configure:9893: checking for strings.h
configure:9893: gcc -c -O2 -fomit-frame-pointer -m64 -mtune=znver3 -march=znver3  -I/afs/cern.ch/user/a/adevita/public/Renzi/SC4PS-25-26/HW5/.mpfr-env/include conftest.c >&5
configure:9893: $? = 0
configure:9893: result: yes
configure:9893: checking for sys/stat.h
configure:9893: gcc -c -O2 -fomit-frame-pointer -m64 -mtune=znver3 -march=znver3  -I/afs/cern.ch/user/a/adevita/public/Renzi/SC4PS-25-26/HW5/.mpfr-env/include conftest.c >&5
configure:9893: $? = 0
configure:9893: result: yes
configure:9893: checking for sys/types.h
configure:9893: gcc -c -O2 -fomit-frame-pointer -m64 -mtune=znver3 -march=znver3  -I/afs/cern.ch/user/a/adevita/public/Renzi/SC4PS-25-26/HW5/.mpfr-env/include conftest.c >&5
configure:9893: $? = 0
configure:9893: result: yes
configure:9893: checking for unistd.h
configure:9893: gcc -c -O2 -fomit-frame-pointer -m64 -mtune=znver3 -march=znver3  -I/afs/cern.ch/user/a/adevita/public/Renzi/SC4PS-25-26/HW5/.mpfr-env/include conftest.c >&5
configure:9893: $? = 0
configure:9893: result: yes
configure:9918: checking for dlfcn.h
configure:9918: gcc -c -O2 -fomit-frame-pointer -m64 -mtune=znver3 -march=znver3  -I/afs/cern.ch/user/a/adevita/public/Renzi/SC4PS-25-26/HW5/.mpfr-env/include conftest.c >&5
configure:9918: $? = 0
configure:9918: result: yes
configure:10555: checking for objdir
configure:10572: result: .libs
configure:10838: checking if gcc supports -fno-rtti -fno-exceptions
configure:10857: gcc -c -O2 -fomit-frame-pointer -m64 -mtune=znver3 -march=znver3  -I/afs/cern.ch/user/a/adevita/public/Renzi/SC4PS-25-26/HW5/.mpfr-env/include -fno-rtti -fno-exceptions conftest.c >&5
cc1: warning: command-line option '-fno-rtti' is valid for C++/D/ObjC++ but not for C
configure:10861: $? = 0
configure:10875: result: no
configure:11254: checking for gcc option to produce PIC
configure:11263: result: -fPIC -DPIC
configure:11271: checking if gcc PIC flag -fPIC -DPIC works
configure:11290: gcc -c -O2 -fomit-frame-pointer -m64 -mtune=znver3 -march=znver3  -I/afs/cern.ch/user/a/adevita/public/Renzi/SC4PS-25-26/HW5/.mpfr-env/include -fPIC -DPIC -DPIC conftest.c >&5
configure:11294: $? = 0
configure:11308: result: yes
configure:11337: checking if gcc static flag -static works
configure:11367: result: yes
configure:11382: checking if gcc supports -c -o file.o
configure:11404: gcc -c -O2 -fomit-frame-pointer -m64 -mtune=znver3 -march=znver3  -I/afs/cern.ch/user/a/adevita/public/Renzi/SC4PS-25-26/HW5/.mpfr-env/include -o out/conftest2.o conftest.c >&5
configure:11408: $? = 0
configure:11431: result: yes
configure:11439: checking if gcc supports -c -o file.o
configure:11488: result: yes
configure:11521: checking whether the gcc linker (/usr/bin/ld -m elf_x86_64) supports shared libraries
configure:12809: result: yes
configure:12846: checking whether -lc should be explicitly linked in
configure:12855: gcc -c -O2 -fomit-frame-pointer -m64 -mtune=znver3 -march=znver3  -I/afs/cern.ch/user/a/adevita/public/Renzi/SC4PS-25-26/HW5/.mpfr-env/include conftest.c >&5
configure:12858: $? = 0
configure:12873: gcc -shared  -fPIC -DPIC conftest.o  -v -Wl,-soname -Wl,conftest -o conftest 2\>\&1 \| /usr/bin/grep  -lc  \>/dev/null 2\>\&1
configure:12876: $? = 0
configure:12891: result: no
configure:13051: checking dynamic linker characteristics
configure:13670: gcc -o conftest -O2 -fomit-frame-pointer -m64 -mtune=znver3 -march=znver3  -I/afs/cern.ch/user/a/adevita/public/Renzi/SC4PS-25-26/HW5/.mpfr-env/include  -L/afs/cern.ch/user/a/adevita/public/Renzi/SC4PS-25-26/HW5/.mpfr-env/lib -Wl,-rpath -Wl,/foo conftest.c  >&5
configure:13670: $? = 0
configure:14453: result: GNU/Linux ld.so
configure:14575: checking how to hardcode library paths into programs
configure:14600: result: immediate
configure:15200: checking whether stripping libraries is possible
configure:15209: result: yes
configure:15251: checking if libtool supports shared libraries
configure:15253: result: yes
configure:15256: checking whether to build shared libraries
configure:15281: result: yes
configure:15284: checking whether to build static libraries
configure:15288: result: yes
configure:15326: checking for non-MS-Windows ICC
configure:15344: gcc -c -O2 -fomit-frame-pointer -m64 -mtune=znver3 -march=znver3  -I/afs/cern.ch/user/a/adevita/public/Renzi/SC4PS-25-26/HW5/.mpfr-env/include conftest.c >&5
conftest.c:23:3: error: #error "Not a non-MS-Windows ICC"
   23 | # error "Not a non-MS-Windows ICC"
      |   ^~~~~
conftest.c:24:6: error: expected ';' before 'int'
   24 | error
      |      ^
      |      ;
......
   27 | int
      | ~~~   
configure:15344: $? = 1
configure: failed program was:
| /* confdefs.h */
| #define PACKAGE_NAME "MPFR"
| #define PACKAGE_TARNAME "mpfr"
| #define PACKAGE_VERSION "4.2.2"
| #define PACKAGE_STRING "MPFR 4.2.2"
| #define PACKAGE_BUGREPORT ""
| #define PACKAGE_URL ""
| #define HAVE_STDIO_H 1
| #define HAVE_STDLIB_H 1
| #define HAVE_STRING_H 1
| #define HAVE_INTTYPES_H 1
| #define HAVE_STDINT_H 1
| #define HAVE_STRINGS_H 1
| #define HAVE_SYS_STAT_H 1
| #define HAVE_SYS_TYPES_H 1
| #define HAVE_UNISTD_H 1
| #define STDC_HEADERS 1
| #define HAVE_DLFCN_H 1
| #define LT_OBJDIR ".libs/"
| /* end confdefs.h.  */
| 
| #if (!defined(__ICC) && !defined(__INTEL_COMPILER)) || defined(_WIN32)
| # error "Not a non-MS-Windows ICC"
| error
| #endif
| 
| int
| main (void)
| {
| 
|   ;
|   return 0;
| }
configure:15352: result: no
configure:15360: checking whether the selected language is C++
configure:15378: gcc -c -Wpointer-arith -O2 -fomit-frame-pointer -m64 -mtune=znver3 -march=znver3  -I/afs/cern.ch/user/a/adevita/public/Renzi/SC4PS-25-26/HW5/.mpfr-env/include conftest.c >&5
configure:15378: $? = 0
configure:15381: result: no
configure:15401: using CFLAGS="-Wall -Wmissing-prototypes -Wc++-compat -Wpointer-arith -O2 -fomit-frame-pointer -m64 -mtune=znver3 -march=znver3"
configure:15443: checking for an ANSI C-conforming const
configure:15510: gcc -c -Wall -Wmissing-prototypes -Wc++-compat -Wpointer-arith -O2 -fomit-frame-pointer -m64 -mtune=znver3 -march=znver3  -I/afs/cern.ch/user/a/adevita/public/Renzi/SC4PS-25-26/HW5/.mpfr-env/include conftest.c >&5
configure:15510: $? = 0
configure:15520: result: yes
configure:15528: checking for working volatile
configure:15548: gcc -c -Wall -Wmissing-prototypes -Wc++-compat -Wpointer-arith -O2 -fomit-frame-pointer -m64 -mtune=znver3 -march=znver3  -I/afs/cern.ch/user/a/adevita/public/Renzi/SC4PS-25-26/HW5/.mpfr-env/include conftest.c >&5
configure:15548: $? = 0
configure:15558: result: yes
configure:15566: checking whether byte ordering is bigendian
configure:15582: gcc -c -Wall -Wmissing-prototypes -Wc++-compat -Wpointer-arith -O2 -fomit-frame-pointer -m64 -mtune=znver3 -march=znver3  -I/afs/cern.ch/user/a/adevita/public/Renzi/SC4PS-25-26/HW5/.mpfr-env/include conftest.c >&5
conftest.c:22:16: warning: identifier "not" is a special operator name in C++ [-Wc++-compat]
   22 |                not a universal capable compiler
      |                ^
conftest.c:22:16: error: unknown type name 'not'
   22 |                not a universal capable compiler
      |                ^~~
conftest.c:22:22: error: expected '=', ',', ';', 'asm' or '__attribute__' before 'universal'
   22 |                not a universal capable compiler
      |                      ^~~~~~~~~
conftest.c:22:22: error: unknown type name 'universal'
configure:15582: $? = 1
configure: failed program was:
| /* confdefs.h */
| #define PACKAGE_NAME "MPFR"
| #define PACKAGE_TARNAME "mpfr"
| #define PACKAGE_VERSION "4.2.2"
| #define PACKAGE_STRING "MPFR 4.2.2"
| #define PACKAGE_BUGREPORT ""
| #define PACKAGE_URL ""
| #define HAVE_STDIO_H 1
| #define HAVE_STDLIB_H 1
| #define HAVE_STRING_H 1
| #define HAVE_INTTYPES_H 1
| #define HAVE_STDINT_H 1
| #define HAVE_STRINGS_H 1
| #define HAVE_SYS_STAT_H 1
| #define HAVE_SYS_TYPES_H 1
| #define HAVE_UNISTD_H 1
| #define STDC_HEADERS 1
| #define HAVE_DLFCN_H 1
| #define LT_OBJDIR ".libs/"
| /* end confdefs.h.  */
| #ifndef __APPLE_CC__
| 	       not a universal capable compiler
| 	     #endif
| 	     typedef int dummy;
| 
configure:15628: gcc -c -Wall -Wmissing-prototypes -Wc++-compat -Wpointer-arith -O2 -fomit-frame-pointer -m64 -mtune=znver3 -march=znver3  -I/afs/cern.ch/user/a/adevita/public/Renzi/SC4PS-25-26/HW5/.mpfr-env/include conftest.c >&5
configure:15628: $? = 0
configure:15647: gcc -c -Wall -Wmissing-prototypes -Wc++-compat -Wpointer-arith -O2 -fomit-frame-pointer -m64 -mtune=znver3 -march=znver3  -I/afs/cern.ch/user/a/adevita/public/Renzi/SC4PS-25-26/HW5/.mpfr-env/include conftest.c >&5
conftest.c: In function 'main':
conftest.c:28:18: warning: identifier "not" is a special operator name in C++ [-Wc++-compat]
   28 |                  not big endian
      |                  ^
conftest.c:28:18: error: unknown type name 'not'; did you mean 'ino_t'?
   28 |                  not big endian
      |                  ^~~
      |                  ino_t
conftest.c:28:26: error: expected '=', ',', ';', 'asm' or '__attribute__' before 'endian'
   28 |                  not big endian
      |                          ^~~~~~
configure:15647: $? = 1
configure: failed program was:
| /* confdefs.h */
| #define PACKAGE_NAME "MPFR"
| #define PACKAGE_TARNAME "mpfr"
| #define PACKAGE_VERSION "4.2.2"
| #define PACKAGE_STRING "MPFR 4.2.2"
| #define PACKAGE_BUGREPORT ""
| #define PACKAGE_URL ""
| #define HAVE_STDIO_H 1
| #define HAVE_STDLIB_H 1
| #define HAVE_STRING_H 1
| #define HAVE_INTTYPES_H 1
| #define HAVE_STDINT_H 1
| #define HAVE_STRINGS_H 1
| #define HAVE_SYS_STAT_H 1
| #define HAVE_SYS_TYPES_H 1
| #define HAVE_UNISTD_H 1
| #define STDC_HEADERS 1
| #define HAVE_DLFCN_H 1
| #define LT_OBJDIR ".libs/"
| /* end confdefs.h.  */
| #include <sys/types.h>
| 		#include <sys/param.h>
| 
| int
| main (void)
| {
| #if BYTE_ORDER != BIG_ENDIAN
| 		 not big endian
| 		#endif
| 
|   ;
|   return 0;
| }
configure:15788: result: no
configure:15811: checking for library containing clock_gettime
configure:15847: gcc -o conftest -Wall -Wmissing-prototypes -Wc++-compat -Wpointer-arith -O2 -fomit-frame-pointer -m64 -mtune=znver3 -march=znver3  -I/afs/cern.ch/user/a/adevita/public/Renzi/SC4PS-25-26/HW5/.mpfr-env/include  -L/afs/cern.ch/user/a/adevita/public/Renzi/SC4PS-25-26/HW5/.mpfr-env/lib conftest.c  >&5
configure:15847: $? = 0
configure:15869: result: none required
configure:15890: checking whether --disable-new-dtags is supported by the linker
configure:15898: gcc -o conftest -Wall -Wmissing-prototypes -Wc++-compat -Wpointer-arith -O2 -fomit-frame-pointer -m64 -mtune=znver3 -march=znver3  -I/afs/cern.ch/user/a/adevita/public/Renzi/SC4PS-25-26/HW5/.mpfr-env/include  -L/afs/cern.ch/user/a/adevita/public/Renzi/SC4PS-25-26/HW5/.mpfr-env/lib -Wl,--disable-new-dtags conftest.c  >&5
configure:15898: $? = 0
configure:15900: result: yes (use it since LD_LIBRARY_PATH is set)
configure:16068: gcc -o conftest -Wall -Wmissing-prototypes -Wc++-compat -Wpointer-arith -O2 -fomit-frame-pointer -m64 -mtune=znver3 -march=znver3  -I/afs/cern.ch/user/a/adevita/public/Renzi/SC4PS-25-26/HW5/.mpfr-env/include  -L/afs/cern.ch/user/a/adevita/public/Renzi/SC4PS-25-26/HW5/.mpfr-env/lib -Wl,--disable-new-dtags conftest.c -lm  >&5
configure:16068: $? = 0
configure:16098: gcc -o conftest -Wall -Wmissing-prototypes -Wc++-compat -Wpointer-arith -O2 -fomit-frame-pointer -m64 -mtune=znver3 -march=znver3  -I/afs/cern.ch/user/a/adevita/public/Renzi/SC4PS-25-26/HW5/.mpfr-env/include  -L/afs/cern.ch/user/a/adevita/public/Renzi/SC4PS-25-26/HW5/.mpfr-env/lib -Wl,--disable-new-dtags conftest.c -lquadmath  >&5
configure:16098: $? = 0
configure:16110: checking for egrep -e
configure:16240: result: /usr/bin/grep -E
configure:16244: checking for size_t
configure:16244: gcc -c -Wall -Wmissing-prototypes -Wc++-compat -Wpointer-arith -O2 -fomit-frame-pointer -m64 -mtune=znver3 -march=znver3  -I/afs/cern.ch/user/a/adevita/public/Renzi/SC4PS-25-26/HW5/.mpfr-env/include conftest.c >&5
configure:16244: $? = 0
configure:16244: gcc -c -Wall -Wmissing-prototypes -Wc++-compat -Wpointer-arith -O2 -fomit-frame-pointer -m64 -mtune=znver3 -march=znver3  -I/afs/cern.ch/user/a/adevita/public/Renzi/SC4PS-25-26/HW5/.mpfr-env/include conftest.c >&5
conftest.c: In function 'main':
conftest.c:54:21: error: expected expression before ')' token
   54 | if (sizeof ((size_t)))
      |                     ^
configure:16244: $? = 1
configure: failed program was:
| /* confdefs.h */
| #define PACKAGE_NAME "MPFR"
| #define PACKAGE_TARNAME "mpfr"
| #define PACKAGE_VERSION "4.2.2"
| #define PACKAGE_STRING "MPFR 4.2.2"
| #define PACKAGE_BUGREPORT ""
| #define PACKAGE_URL ""
| #define HAVE_STDIO_H 1
| #define HAVE_STDLIB_H 1
| #define HAVE_STRING_H 1
| #define HAVE_INTTYPES_H 1
| #define HAVE_STDINT_H 1
| #define HAVE_STRINGS_H 1
| #define HAVE_SYS_STAT_H 1
| #define HAVE_SYS_TYPES_H 1
| #define HAVE_UNISTD_H 1
| #define STDC_HEADERS 1
| #define HAVE_DLFCN_H 1
| #define LT_OBJDIR ".libs/"
| #define HAVE_LITTLE_ENDIAN 1
| #define HAVE_CLOCK_GETTIME 1
| /* end confdefs.h.  */
| #include <stddef.h>
| #ifdef HAVE_STDIO_H
| # include <stdio.h>
| #endif
| #ifdef HAVE_STDLIB_H
| # include <stdlib.h>
| #endif
| #ifdef HAVE_STRING_H
| # include <string.h>
| #endif
| #ifdef HAVE_INTTYPES_H
| # include <inttypes.h>
| #endif
| #ifdef HAVE_STDINT_H
| # include <stdint.h>
| #endif
| #ifdef HAVE_STRINGS_H
| # include <strings.h>
| #endif
| #ifdef HAVE_SYS_TYPES_H
| # include <sys/types.h>
| #endif
| #ifdef HAVE_SYS_STAT_H
| # include <sys/stat.h>
| #endif
| #ifdef HAVE_UNISTD_H
| # include <unistd.h>
| #endif
| int
| main (void)
| {
| if (sizeof ((size_t)))
| 	    return 0;
|   ;
|   return 0;
| }
configure:16244: result: yes
configure:17156: checking for limits.h
configure:17156: gcc -c -Wall -Wmissing-prototypes -Wc++-compat -Wpointer-arith -O2 -fomit-frame-pointer -m64 -mtune=znver3 -march=znver3  -I/afs/cern.ch/user/a/adevita/public/Renzi/SC4PS-25-26/HW5/.mpfr-env/include conftest.c >&5
configure:17156: $? = 0
configure:17156: result: yes
configure:17165: checking for float.h
configure:17165: gcc -c -Wall -Wmissing-prototypes -Wc++-compat -Wpointer-arith -O2 -fomit-frame-pointer -m64 -mtune=znver3 -march=znver3  -I/afs/cern.ch/user/a/adevita/public/Renzi/SC4PS-25-26/HW5/.mpfr-env/include conftest.c >&5
configure:17165: $? = 0
configure:17165: result: yes
configure:17174: checking for string.h
configure:17174: result: yes
configure:17184: checking for locale.h
configure:17184: gcc -c -Wall -Wmissing-prototypes -Wc++-compat -Wpointer-arith -O2 -fomit-frame-pointer -m64 -mtune=znver3 -march=znver3  -I/afs/cern.ch/user/a/adevita/public/Renzi/SC4PS-25-26/HW5/.mpfr-env/include conftest.c >&5
configure:17184: $? = 0
configure:17184: result: yes
configure:17192: checking for wchar.h
configure:17192: gcc -c -Wall -Wmissing-prototypes -Wc++-compat -Wpointer-arith -O2 -fomit-frame-pointer -m64 -mtune=znver3 -march=znver3  -I/afs/cern.ch/user/a/adevita/public/Renzi/SC4PS-25-26/HW5/.mpfr-env/include conftest.c >&5
configure:17192: $? = 0
configure:17192: result: yes
configure:17200: checking for stdarg.h
configure:17200: gcc -c -Wall -Wmissing-prototypes -Wc++-compat -Wpointer-arith -O2 -fomit-frame-pointer -m64 -mtune=znver3 -march=znver3  -I/afs/cern.ch/user/a/adevita/public/Renzi/SC4PS-25-26/HW5/.mpfr-env/include conftest.c >&5
configure:17200: $? = 0
configure:17200: result: yes
configure:17220: checking for sys/fpu.h
configure:17220: gcc -c -Wall -Wmissing-prototypes -Wc++-compat -Wpointer-arith -O2 -fomit-frame-pointer -m64 -mtune=znver3 -march=znver3  -I/afs/cern.ch/user/a/adevita/public/Renzi/SC4PS-25-26/HW5/.mpfr-env/include conftest.c >&5
conftest.c:54:10: fatal error: sys/fpu.h: No such file or directory
   54 | #include <sys/fpu.h>
      |          ^~~~~~~~~~~
compilation terminated.
configure:17220: $? = 1
configure: failed program was:
| /* confdefs.h */
| #define PACKAGE_NAME "MPFR"
| #define PACKAGE_TARNAME "mpfr"
| #define PACKAGE_VERSION "4.2.2"
| #define PACKAGE_STRING "MPFR 4.2.2"
| #define PACKAGE_BUGREPORT ""
| #define PACKAGE_URL ""
| #define HAVE_STDIO_H 1
| #define HAVE_STDLIB_H 1
| #define HAVE_STRING_H 1
| #define HAVE_INTTYPES_H 1
| #define HAVE_STDINT_H 1
| #define HAVE_STRINGS_H 1
| #define HAVE_SYS_STAT_H 1
| #define HAVE_SYS_TYPES_H 1
| #define HAVE_UNISTD_H 1
| #define STDC_HEADERS 1
| #define HAVE_DLFCN_H 1
| #define LT_OBJDIR ".libs/"
| #define HAVE_LITTLE_ENDIAN 1
| #define HAVE_CLOCK_GETTIME 1
| #define HAVE_LOCALE_H 1
| #define HAVE_WCHAR_H 1
| #define HAVE_STDARG 1
| /* end confdefs.h.  */
| #include <stddef.h>
| #ifdef HAVE_STDIO_H
| # include <stdio.h>
| #endif
| #ifdef HAVE_STDLIB_H
| # include <stdlib.h>
| #endif
| #ifdef HAVE_STRING_H
| # include <string.h>
| #endif
| #ifdef HAVE_INTTYPES_H
| # include <inttypes.h>
| #endif
| #ifdef HAVE_STDINT_H
| # include <stdint.h>
| #endif
| #ifdef HAVE_STRINGS_H
| # include <strings.h>
| #endif
| #ifdef HAVE_SYS_TYPES_H
| # include <sys/types.h>
| #endif
| #ifdef HAVE_SYS_STAT_H
| # include <sys/stat.h>
| #endif
| #ifdef HAVE_UNISTD_H
| # include <unistd.h>
| #endif
| #include <sys/fpu.h>
configure:17220: result: no
configure:17228: checking for struct lconv.decimal_point
configure:17228: gcc -c -Wall -Wmissing-prototypes -Wc++-compat -Wpointer-arith -O2 -fomit-frame-pointer -m64 -mtune=znver3 -march=znver3  -I/afs/cern.ch/user/a/adevita/public/Renzi/SC4PS-25-26/HW5/.mpfr-env/include conftest.c >&5
configure:17228: $? = 0
configure:17228: result: yes
configure:17237: checking for struct lconv.thousands_sep
configure:17237: gcc -c -Wall -Wmissing-prototypes -Wc++-compat -Wpointer-arith -O2 -fomit-frame-pointer -m64 -mtune=znver3 -march=znver3  -I/afs/cern.ch/user/a/adevita/public/Renzi/SC4PS-25-26/HW5/.mpfr-env/include conftest.c >&5
configure:17237: $? = 0
configure:17237: result: yes
configure:17250: checking for working alloca.h
configure:17268: gcc -o conftest -Wall -Wmissing-prototypes -Wc++-compat -Wpointer-arith -O2 -fomit-frame-pointer -m64 -mtune=znver3 -march=znver3  -I/afs/cern.ch/user/a/adevita/public/Renzi/SC4PS-25-26/HW5/.mpfr-env/include  -L/afs/cern.ch/user/a/adevita/public/Renzi/SC4PS-25-26/HW5/.mpfr-env/lib -Wl,--disable-new-dtags conftest.c  >&5
configure:17268: $? = 0
configure:17279: result: yes
configure:17287: checking for alloca
configure:17332: result: yes
configure:17403: checking for uintptr_t
configure:17403: gcc -c -Wall -Wmissing-prototypes -Wc++-compat -Wpointer-arith -O2 -fomit-frame-pointer -m64 -mtune=znver3 -march=znver3  -I/afs/cern.ch/user/a/adevita/public/Renzi/SC4PS-25-26/HW5/.mpfr-env/include conftest.c >&5
configure:17403: $? = 0
configure:17403: gcc -c -Wall -Wmissing-prototypes -Wc++-compat -Wpointer-arith -O2 -fomit-frame-pointer -m64 -mtune=znver3 -march=znver3  -I/afs/cern.ch/user/a/adevita/public/Renzi/SC4PS-25-26/HW5/.mpfr-env/include conftest.c >&5
conftest.c: In function 'main':
conftest.c:61:24: error: expected expression before ')' token
   61 | if (sizeof ((uintptr_t)))
      |                        ^
configure:17403: $? = 1
configure: failed program was:
| /* confdefs.h */
| #define PACKAGE_NAME "MPFR"
| #define PACKAGE_TARNAME "mpfr"
| #define PACKAGE_VERSION "4.2.2"
| #define PACKAGE_STRING "MPFR 4.2.2"
| #define PACKAGE_BUGREPORT ""
| #define PACKAGE_URL ""
| #define HAVE_STDIO_H 1
| #define HAVE_STDLIB_H 1
| #define HAVE_STRING_H 1
| #define HAVE_INTTYPES_H 1
| #define HAVE_STDINT_H 1
| #define HAVE_STRINGS_H 1
| #define HAVE_SYS_STAT_H 1
| #define HAVE_SYS_TYPES_H 1
| #define HAVE_UNISTD_H 1
| #define STDC_HEADERS 1
| #define HAVE_DLFCN_H 1
| #define LT_OBJDIR ".libs/"
| #define HAVE_LITTLE_ENDIAN 1
| #define HAVE_CLOCK_GETTIME 1
| #define HAVE_LOCALE_H 1
| #define HAVE_WCHAR_H 1
| #define HAVE_STDARG 1
| #define HAVE_STRUCT_LCONV_DECIMAL_POINT 1
| #define HAVE_STRUCT_LCONV_THOUSANDS_SEP 1
| #define HAVE_ALLOCA_H 1
| #define HAVE_ALLOCA 1
| /* end confdefs.h.  */
| #include <stddef.h>
| #ifdef HAVE_STDIO_H
| # include <stdio.h>
| #endif
| #ifdef HAVE_STDLIB_H
| # include <stdlib.h>
| #endif
| #ifdef HAVE_STRING_H
| # include <string.h>
| #endif
| #ifdef HAVE_INTTYPES_H
| # include <inttypes.h>
| #endif
| #ifdef HAVE_STDINT_H
| # include <stdint.h>
| #endif
| #ifdef HAVE_STRINGS_H
| # include <strings.h>
| #endif
| #ifdef HAVE_SYS_TYPES_H
| # include <sys/types.h>
| #endif
| #ifdef HAVE_SYS_STAT_H
| # include <sys/stat.h>
| #endif
| #ifdef HAVE_UNISTD_H
| # include <unistd.h>
| #endif
| int
| main (void)
| {
| if (sizeof ((uintptr_t)))
| 	    return 0;
|   ;
|   return 0;
| }
configure:17403: result: yes
configure:17441: checking how to copy va_list
configure:17459: gcc -o conftest -Wall -Wmissing-prototypes -Wc++-compat -Wpointer-arith -O2 -fomit-frame-pointer -m64 -mtune=znver3 -march=znver3  -I/afs/cern.ch/user/a/adevita/public/Renzi/SC4PS-25-26/HW5/.mpfr-env/include  -L/afs/cern.ch/user/a/adevita/public/Renzi/SC4PS-25-26/HW5/.mpfr-env/lib -Wl,--disable-new-dtags conftest.c  >&5
configure:17459: $? = 0
configure:17462: result: va_copy
configure:17503: checking for setlocale
configure:17503: gcc -o conftest  -Wall -Wmissing-prototypes -Wc++-compat -Wpointer-arith -O2 -fomit-frame-pointer -m64 -mtune=znver3 -march=znver3  -I/afs/cern.ch/user/a/adevita/public/Renzi/SC4PS-25-26/HW5/.mpfr-env/include  -L/afs/cern.ch/user/a/adevita/public/Renzi/SC4PS-25-26/HW5/.mpfr-env/lib -Wl,--disable-new-dtags conftest.c  >&5
configure:17503: $? = 0
configure:17503: result: yes
configure:17509: checking for gettimeofday
configure:17509: gcc -o conftest  -Wall -Wmissing-prototypes -Wc++-compat -Wpointer-arith -O2 -fomit-frame-pointer -m64 -mtune=znver3 -march=znver3  -I/afs/cern.ch/user/a/adevita/public/Renzi/SC4PS-25-26/HW5/.mpfr-env/include  -L/afs/cern.ch/user/a/adevita/public/Renzi/SC4PS-25-26/HW5/.mpfr-env/lib -Wl,--disable-new-dtags conftest.c  >&5
configure:17509: $? = 0
configure:17509: result: yes
configure:17515: checking for signal
configure:17515: gcc -o conftest  -Wall -Wmissing-prototypes -Wc++-compat -Wpointer-arith -O2 -fomit-frame-pointer -m64 -mtune=znver3 -march=znver3  -I/afs/cern.ch/user/a/adevita/public/Renzi/SC4PS-25-26/HW5/.mpfr-env/include  -L/afs/cern.ch/user/a/adevita/public/Renzi/SC4PS-25-26/HW5/.mpfr-env/lib -Wl,--disable-new-dtags conftest.c  >&5
configure:17515: $? = 0
configure:17515: result: yes
configure:17524: checking for sigaction and its associated structure
configure:17543: gcc -o conftest -Wall -Wmissing-prototypes -Wc++-compat -Wpointer-arith -O2 -fomit-frame-pointer -m64 -mtune=znver3 -march=znver3  -I/afs/cern.ch/user/a/adevita/public/Renzi/SC4PS-25-26/HW5/.mpfr-env/include  -L/afs/cern.ch/user/a/adevita/public/Renzi/SC4PS-25-26/HW5/.mpfr-env/lib -Wl,--disable-new-dtags conftest.c  >&5
configure:17543: $? = 0
configure:17546: result: yes
configure:17560: checking for long long int
configure:17560: gcc -c -Wall -Wmissing-prototypes -Wc++-compat -Wpointer-arith -O2 -fomit-frame-pointer -m64 -mtune=znver3 -march=znver3  -I/afs/cern.ch/user/a/adevita/public/Renzi/SC4PS-25-26/HW5/.mpfr-env/include conftest.c >&5
configure:17560: $? = 0
configure:17560: gcc -c -Wall -Wmissing-prototypes -Wc++-compat -Wpointer-arith -O2 -fomit-frame-pointer -m64 -mtune=znver3 -march=znver3  -I/afs/cern.ch/user/a/adevita/public/Renzi/SC4PS-25-26/HW5/.mpfr-env/include conftest.c >&5
conftest.c: In function 'main':
conftest.c:67:28: error: expected expression before ')' token
   67 | if (sizeof ((long long int)))
      |                            ^
configure:17560: $? = 1
configure: failed program was:
| /* confdefs.h */
| #define PACKAGE_NAME "MPFR"
| #define PACKAGE_TARNAME "mpfr"
| #define PACKAGE_VERSION "4.2.2"
| #define PACKAGE_STRING "MPFR 4.2.2"
| #define PACKAGE_BUGREPORT ""
| #define PACKAGE_URL ""
| #define HAVE_STDIO_H 1
| #define HAVE_STDLIB_H 1
| #define HAVE_STRING_H 1
| #define HAVE_INTTYPES_H 1
| #define HAVE_STDINT_H 1
| #define HAVE_STRINGS_H 1
| #define HAVE_SYS_STAT_H 1
| #define HAVE_SYS_TYPES_H 1
| #define HAVE_UNISTD_H 1
| #define STDC_HEADERS 1
| #define HAVE_DLFCN_H 1
| #define LT_OBJDIR ".libs/"
| #define HAVE_LITTLE_ENDIAN 1
| #define HAVE_CLOCK_GETTIME 1
| #define HAVE_LOCALE_H 1
| #define HAVE_WCHAR_H 1
| #define HAVE_STDARG 1
| #define HAVE_STRUCT_LCONV_DECIMAL_POINT 1
| #define HAVE_STRUCT_LCONV_THOUSANDS_SEP 1
| #define HAVE_ALLOCA_H 1
| #define HAVE_ALLOCA 1
| #define HAVE_UINTPTR_T 1
| #define HAVE_VA_COPY 1
| #define HAVE_SETLOCALE 1
| #define HAVE_GETTIMEOFDAY 1
| #define HAVE_SIGNAL 1
| #define HAVE_SIGACTION 1
| /* end confdefs.h.  */
| #include <stddef.h>
| #ifdef HAVE_STDIO_H
| # include <stdio.h>
| #endif
| #ifdef HAVE_STDLIB_H
| # include <stdlib.h>
| #endif
| #ifdef HAVE_STRING_H
| # include <string.h>
| #endif
| #ifdef HAVE_INTTYPES_H
| # include <inttypes.h>
| #endif
| #ifdef HAVE_STDINT_H
| # include <stdint.h>
| #endif
| #ifdef HAVE_STRINGS_H
| # include <strings.h>
| #endif
| #ifdef HAVE_SYS_TYPES_H
| # include <sys/types.h>
| #endif
| #ifdef HAVE_SYS_STAT_H
| # include <sys/stat.h>
| #endif
| #ifdef HAVE_UNISTD_H
| # include <unistd.h>
| #endif
| int
| main (void)
| {
| if (sizeof ((long long int)))
| 	    return 0;
|   ;
|   return 0;
| }
configure:17560: result: yes
configure:17569: checking for intmax_t
configure:17569: gcc -c -Wall -Wmissing-prototypes -Wc++-compat -Wpointer-arith -O2 -fomit-frame-pointer -m64 -mtune=znver3 -march=znver3  -I/afs/cern.ch/user/a/adevita/public/Renzi/SC4PS-25-26/HW5/.mpfr-env/include conftest.c >&5
configure:17569: $? = 0
configure:17569: gcc -c -Wall -Wmissing-prototypes -Wc++-compat -Wpointer-arith -O2 -fomit-frame-pointer -m64 -mtune=znver3 -march=znver3  -I/afs/cern.ch/user/a/adevita/public/Renzi/SC4PS-25-26/HW5/.mpfr-env/include conftest.c >&5
conftest.c: In function 'main':
conftest.c:68:23: error: expected expression before ')' token
   68 | if (sizeof ((intmax_t)))
      |                       ^
configure:17569: $? = 1
configure: failed program was:
| /* confdefs.h */
| #define PACKAGE_NAME "MPFR"
| #define PACKAGE_TARNAME "mpfr"
| #define PACKAGE_VERSION "4.2.2"
| #define PACKAGE_STRING "MPFR 4.2.2"
| #define PACKAGE_BUGREPORT ""
| #define PACKAGE_URL ""
| #define HAVE_STDIO_H 1
| #define HAVE_STDLIB_H 1
| #define HAVE_STRING_H 1
| #define HAVE_INTTYPES_H 1
| #define HAVE_STDINT_H 1
| #define HAVE_STRINGS_H 1
| #define HAVE_SYS_STAT_H 1
| #define HAVE_SYS_TYPES_H 1
| #define HAVE_UNISTD_H 1
| #define STDC_HEADERS 1
| #define HAVE_DLFCN_H 1
| #define LT_OBJDIR ".libs/"
| #define HAVE_LITTLE_ENDIAN 1
| #define HAVE_CLOCK_GETTIME 1
| #define HAVE_LOCALE_H 1
| #define HAVE_WCHAR_H 1
| #define HAVE_STDARG 1
| #define HAVE_STRUCT_LCONV_DECIMAL_POINT 1
| #define HAVE_STRUCT_LCONV_THOUSANDS_SEP 1
| #define HAVE_ALLOCA_H 1
| #define HAVE_ALLOCA 1
| #define HAVE_UINTPTR_T 1
| #define HAVE_VA_COPY 1
| #define HAVE_SETLOCALE 1
| #define HAVE_GETTIMEOFDAY 1
| #define HAVE_SIGNAL 1
| #define HAVE_SIGACTION 1
| #define HAVE_LONG_LONG 1
| /* end confdefs.h.  */
| #include <stddef.h>
| #ifdef HAVE_STDIO_H
| # include <stdio.h>
| #endif
| #ifdef HAVE_STDLIB_H
| # include <stdlib.h>
| #endif
| #ifdef HAVE_STRING_H
| # include <string.h>
| #endif
| #ifdef HAVE_INTTYPES_H
| # include <inttypes.h>
| #endif
| #ifdef HAVE_STDINT_H
| # include <stdint.h>
| #endif
| #ifdef HAVE_STRINGS_H
| # include <strings.h>
| #endif
| #ifdef HAVE_SYS_TYPES_H
| # include <sys/types.h>
| #endif
| #ifdef HAVE_SYS_STAT_H
| # include <sys/stat.h>
| #endif
| #ifdef HAVE_UNISTD_H
| # include <unistd.h>
| #endif
| int
| main (void)
| {
| if (sizeof ((intmax_t)))
| 	    return 0;
|   ;
|   return 0;
| }
configure:17569: result: yes
configure:17579: checking for working INTMAX_MAX
configure:17600: gcc -c -Wall -Wmissing-prototypes -Wc++-compat -Wpointer-arith -O2 -fomit-frame-pointer -m64 -mtune=znver3 -march=znver3  -I/afs/cern.ch/user/a/adevita/public/Renzi/SC4PS-25-26/HW5/.mpfr-env/include -I/afs/cern.ch/user/a/adevita/public/Renzi/SC4PS-25-26/HW5/.mpfr-build/sources/mpfr-4.2.2/src -DMPFR_NEED_INTMAX_H conftest.c >&5
configure:17600: $? = 0
configure:17612: result: yes
configure:17621: checking for union fpc_csr
configure:17621: gcc -c -Wall -Wmissing-prototypes -Wc++-compat -Wpointer-arith -O2 -fomit-frame-pointer -m64 -mtune=znver3 -march=znver3  -I/afs/cern.ch/user/a/adevita/public/Renzi/SC4PS-25-26/HW5/.mpfr-env/include conftest.c >&5
conftest.c: In function 'main':
conftest.c:48:13: error: invalid application of 'sizeof' to incomplete type 'union fpc_csr'
   48 | if (sizeof (union fpc_csr))
      |             ^~~~~
configure:17621: $? = 1
configure: failed program was:
| /* confdefs.h */
| #define PACKAGE_NAME "MPFR"
| #define PACKAGE_TARNAME "mpfr"
| #define PACKAGE_VERSION "4.2.2"
| #define PACKAGE_STRING "MPFR 4.2.2"
| #define PACKAGE_BUGREPORT ""
| #define PACKAGE_URL ""
| #define HAVE_STDIO_H 1
| #define HAVE_STDLIB_H 1
| #define HAVE_STRING_H 1
| #define HAVE_INTTYPES_H 1
| #define HAVE_STDINT_H 1
| #define HAVE_STRINGS_H 1
| #define HAVE_SYS_STAT_H 1
| #define HAVE_SYS_TYPES_H 1
| #define HAVE_UNISTD_H 1
| #define STDC_HEADERS 1
| #define HAVE_DLFCN_H 1
| #define LT_OBJDIR ".libs/"
| #define HAVE_LITTLE_ENDIAN 1
| #define HAVE_CLOCK_GETTIME 1
| #define HAVE_LOCALE_H 1
| #define HAVE_WCHAR_H 1
| #define HAVE_STDARG 1
| #define HAVE_STRUCT_LCONV_DECIMAL_POINT 1
| #define HAVE_STRUCT_LCONV_THOUSANDS_SEP 1
| #define HAVE_ALLOCA_H 1
| #define HAVE_ALLOCA 1
| #define HAVE_UINTPTR_T 1
| #define HAVE_VA_COPY 1
| #define HAVE_SETLOCALE 1
| #define HAVE_GETTIMEOFDAY 1
| #define HAVE_SIGNAL 1
| #define HAVE_SIGACTION 1
| #define HAVE_LONG_LONG 1
| #define HAVE_INTMAX_T 1
| #define MPFR_HAVE_INTMAX_MAX 1
| /* end confdefs.h.  */
| 
| #if HAVE_SYS_FPU_H
| #  include <sys/fpu.h>
| #endif
| 
| 
| int
| main (void)
| {
| if (sizeof (union fpc_csr))
| 	 return 0;
|   ;
|   return 0;
| }
configure:17621: result: no
configure:17635: checking for _Noreturn
configure:17646: gcc -c -Wall -Wmissing-prototypes -Wc++-compat -Wpointer-arith -O2 -fomit-frame-pointer -m64 -mtune=znver3 -march=znver3  -I/afs/cern.ch/user/a/adevita/public/Renzi/SC4PS-25-26/HW5/.mpfr-env/include conftest.c >&5
configure:17646: $? = 0
configure:17657: result: yes
configure:17665: checking for __builtin_unreachable
configure:17684: gcc -o conftest -Wall -Wmissing-prototypes -Wc++-compat -Wpointer-arith -O2 -fomit-frame-pointer -m64 -mtune=znver3 -march=znver3  -I/afs/cern.ch/user/a/adevita/public/Renzi/SC4PS-25-26/HW5/.mpfr-env/include  -L/afs/cern.ch/user/a/adevita/public/Renzi/SC4PS-25-26/HW5/.mpfr-env/lib -Wl,--disable-new-dtags conftest.c  >&5
configure:17684: $? = 0
configure:17696: result: yes
configure:17705: checking for constructor and destructor attributes
configure:17727: gcc -o conftest -Wall -Wmissing-prototypes -Wc++-compat -Wpointer-arith -O2 -fomit-frame-pointer -m64 -mtune=znver3 -march=znver3  -I/afs/cern.ch/user/a/adevita/public/Renzi/SC4PS-25-26/HW5/.mpfr-env/include  -L/afs/cern.ch/user/a/adevita/public/Renzi/SC4PS-25-26/HW5/.mpfr-env/lib -Wl,--disable-new-dtags conftest.c  >&5
configure:17727: $? = 0
configure:17729: result: yes
configure:17748: checking for fesetround
configure:17768: gcc -o conftest -Wall -Wmissing-prototypes -Wc++-compat -Wpointer-arith -O2 -fomit-frame-pointer -m64 -mtune=znver3 -march=znver3  -I/afs/cern.ch/user/a/adevita/public/Renzi/SC4PS-25-26/HW5/.mpfr-env/include  -L/afs/cern.ch/user/a/adevita/public/Renzi/SC4PS-25-26/HW5/.mpfr-env/lib -Wl,--disable-new-dtags conftest.c  -lm >&5
configure:17768: $? = 0
configure:17781: result: yes
configure:17790: checking for gcc float-conversion bug
configure:17832: gcc -o conftest -Wall -Wmissing-prototypes -Wc++-compat -Wpointer-arith -O2 -fomit-frame-pointer -m64 -mtune=znver3 -march=znver3  -I/afs/cern.ch/user/a/adevita/public/Renzi/SC4PS-25-26/HW5/.mpfr-env/include  -L/afs/cern.ch/user/a/adevita/public/Renzi/SC4PS-25-26/HW5/.mpfr-env/lib -Wl,--disable-new-dtags conftest.c  -lm >&5
configure:17832: $? = 0
configure:17832: ./conftest
configure:17832: $? = 0
configure:17848: result: no
configure:17855: checking for subnormal double-precision numbers
configure:17878: gcc -o conftest -Wall -Wmissing-prototypes -Wc++-compat -Wpointer-arith -O2 -fomit-frame-pointer -m64 -mtune=znver3 -march=znver3  -I/afs/cern.ch/user/a/adevita/public/Renzi/SC4PS-25-26/HW5/.mpfr-env/include  -L/afs/cern.ch/user/a/adevita/public/Renzi/SC4PS-25-26/HW5/.mpfr-env/lib -Wl,--disable-new-dtags conftest.c  >&5
configure:17878: $? = 0
configure:17878: ./conftest
1.112537e-308
configure:17878: $? = 0
configure:17893: result: yes
configure:17900: checking for subnormal single-precision numbers
configure:17923: gcc -o conftest -Wall -Wmissing-prototypes -Wc++-compat -Wpointer-arith -O2 -fomit-frame-pointer -m64 -mtune=znver3 -march=znver3  -I/afs/cern.ch/user/a/adevita/public/Renzi/SC4PS-25-26/HW5/.mpfr-env/include  -L/afs/cern.ch/user/a/adevita/public/Renzi/SC4PS-25-26/HW5/.mpfr-env/lib -Wl,--disable-new-dtags conftest.c  >&5
configure:17923: $? = 0
configure:17923: ./conftest
5.877472e-39
configure:17923: $? = 0
configure:17938: result: yes
configure:17946: checking for signed zeros
configure:17965: gcc -o conftest -Wall -Wmissing-prototypes -Wc++-compat -Wpointer-arith -O2 -fomit-frame-pointer -m64 -mtune=znver3 -march=znver3  -I/afs/cern.ch/user/a/adevita/public/Renzi/SC4PS-25-26/HW5/.mpfr-env/include  -L/afs/cern.ch/user/a/adevita/public/Renzi/SC4PS-25-26/HW5/.mpfr-env/lib -Wl,--disable-new-dtags conftest.c  >&5
configure:17965: $? = 0
configure:17965: ./conftest
configure:17965: $? = 0
configure:17980: result: yes
configure:17988: checking if the FP division by 0 fails
configure:18011: gcc -o conftest -Wall -Wmissing-prototypes -Wc++-compat -Wpointer-arith -O2 -fomit-frame-pointer -m64 -mtune=znver3 -march=znver3  -I/afs/cern.ch/user/a/adevita/public/Renzi/SC4PS-25-26/HW5/.mpfr-env/include  -L/afs/cern.ch/user/a/adevita/public/Renzi/SC4PS-25-26/HW5/.mpfr-env/lib -Wl,--disable-new-dtags conftest.c  >&5
configure:18011: $? = 0
configure:18011: ./conftest
configure:18011: $? = 0
configure:18026: result: no
configure:18040: checking if NAN == NAN
configure:18066: gcc -o conftest -Wall -Wmissing-prototypes -Wc++-compat -Wpointer-arith -O2 -fomit-frame-pointer -m64 -mtune=znver3 -march=znver3  -I/afs/cern.ch/user/a/adevita/public/Renzi/SC4PS-25-26/HW5/.mpfr-env/include  -L/afs/cern.ch/user/a/adevita/public/Renzi/SC4PS-25-26/HW5/.mpfr-env/lib -Wl,--disable-new-dtags conftest.c  >&5
configure:18066: $? = 0
configure:18066: ./conftest
configure:18066: $? = 1
configure: program exited with status 1
configure: failed program was:
| /* confdefs.h */
| #define PACKAGE_NAME "MPFR"
| #define PACKAGE_TARNAME "mpfr"
| #define PACKAGE_VERSION "4.2.2"
| #define PACKAGE_STRING "MPFR 4.2.2"
| #define PACKAGE_BUGREPORT ""
| #define PACKAGE_URL ""
| #define HAVE_STDIO_H 1
| #define HAVE_STDLIB_H 1
| #define HAVE_STRING_H 1
| #define HAVE_INTTYPES_H 1
| #define HAVE_STDINT_H 1
| #define HAVE_STRINGS_H 1
| #define HAVE_SYS_STAT_H 1
| #define HAVE_SYS_TYPES_H 1
| #define HAVE_UNISTD_H 1
| #define STDC_HEADERS 1
| #define HAVE_DLFCN_H 1
| #define LT_OBJDIR ".libs/"
| #define HAVE_LITTLE_ENDIAN 1
| #define HAVE_CLOCK_GETTIME 1
| #define HAVE_LOCALE_H 1
| #define HAVE_WCHAR_H 1
| #define HAVE_STDARG 1
| #define HAVE_STRUCT_LCONV_DECIMAL_POINT 1
| #define HAVE_STRUCT_LCONV_THOUSANDS_SEP 1
| #define HAVE_ALLOCA_H 1
| #define HAVE_ALLOCA 1
| #define HAVE_UINTPTR_T 1
| #define HAVE_VA_COPY 1
| #define HAVE_SETLOCALE 1
| #define HAVE_GETTIMEOFDAY 1
| #define HAVE_SIGNAL 1
| #define HAVE_SIGACTION 1
| #define HAVE_LONG_LONG 1
| #define HAVE_INTMAX_T 1
| #define MPFR_HAVE_INTMAX_MAX 1
| #define MPFR_HAVE_NORETURN 1
| #define MPFR_HAVE_BUILTIN_UNREACHABLE 1
| #define MPFR_HAVE_CONSTRUCTOR_ATTR 1
| #define MPFR_HAVE_FESETROUND 1
| #define HAVE_SUBNORM_DBL 1
| #define HAVE_SUBNORM_FLT 1
| #define HAVE_SIGNEDZ 1
| /* end confdefs.h.  */
| 
| #include <stdio.h>
| #include <math.h>
| #ifndef NAN
| # define NAN (0.0/0.0)
| #endif
| int main (void) {
|   double d;
|   d = NAN;
|   return d != d;
| }
| 
configure:18081: result: no
configure:18109: checking if charset has consecutive values
configure:18140: gcc -o conftest -Wall -Wmissing-prototypes -Wc++-compat -Wpointer-arith -O2 -fomit-frame-pointer -m64 -mtune=znver3 -march=znver3  -I/afs/cern.ch/user/a/adevita/public/Renzi/SC4PS-25-26/HW5/.mpfr-env/include  -L/afs/cern.ch/user/a/adevita/public/Renzi/SC4PS-25-26/HW5/.mpfr-env/lib -Wl,--disable-new-dtags conftest.c  >&5
configure:18140: $? = 0
configure:18140: ./conftest
configure:18140: $? = 0
configure:18142: result: yes
configure:18162: checking for math/round
configure:18180: gcc -o conftest -Wall -Wmissing-prototypes -Wc++-compat -Wpointer-arith -O2 -fomit-frame-pointer -m64 -mtune=znver3 -march=znver3  -I/afs/cern.ch/user/a/adevita/public/Renzi/SC4PS-25-26/HW5/.mpfr-env/include  -L/afs/cern.ch/user/a/adevita/public/Renzi/SC4PS-25-26/HW5/.mpfr-env/lib -Wl,--disable-new-dtags conftest.c  -lm >&5
configure:18180: $? = 0
configure:18183: result: yes
configure:18197: checking for math/trunc
configure:18215: gcc -o conftest -Wall -Wmissing-prototypes -Wc++-compat -Wpointer-arith -O2 -fomit-frame-pointer -m64 -mtune=znver3 -march=znver3  -I/afs/cern.ch/user/a/adevita/public/Renzi/SC4PS-25-26/HW5/.mpfr-env/include  -L/afs/cern.ch/user/a/adevita/public/Renzi/SC4PS-25-26/HW5/.mpfr-env/lib -Wl,--disable-new-dtags conftest.c  -lm >&5
configure:18215: $? = 0
configure:18218: result: yes
configure:18232: checking for math/floor
configure:18250: gcc -o conftest -Wall -Wmissing-prototypes -Wc++-compat -Wpointer-arith -O2 -fomit-frame-pointer -m64 -mtune=znver3 -march=znver3  -I/afs/cern.ch/user/a/adevita/public/Renzi/SC4PS-25-26/HW5/.mpfr-env/include  -L/afs/cern.ch/user/a/adevita/public/Renzi/SC4PS-25-26/HW5/.mpfr-env/lib -Wl,--disable-new-dtags conftest.c  -lm >&5
configure:18250: $? = 0
configure:18253: result: yes
configure:18267: checking for math/ceil
configure:18285: gcc -o conftest -Wall -Wmissing-prototypes -Wc++-compat -Wpointer-arith -O2 -fomit-frame-pointer -m64 -mtune=znver3 -march=znver3  -I/afs/cern.ch/user/a/adevita/public/Renzi/SC4PS-25-26/HW5/.mpfr-env/include  -L/afs/cern.ch/user/a/adevita/public/Renzi/SC4PS-25-26/HW5/.mpfr-env/lib -Wl,--disable-new-dtags conftest.c  -lm >&5
configure:18285: $? = 0
configure:18288: result: yes
configure:18302: checking for math/nearbyint
configure:18320: gcc -o conftest -Wall -Wmissing-prototypes -Wc++-compat -Wpointer-arith -O2 -fomit-frame-pointer -m64 -mtune=znver3 -march=znver3  -I/afs/cern.ch/user/a/adevita/public/Renzi/SC4PS-25-26/HW5/.mpfr-env/include  -L/afs/cern.ch/user/a/adevita/public/Renzi/SC4PS-25-26/HW5/.mpfr-env/lib -Wl,--disable-new-dtags conftest.c  -lm >&5
configure:18320: $? = 0
configure:18323: result: yes
configure:18342: checking format of floating-point type `double'
configure:18377: gcc -Wall -Wmissing-prototypes -Wc++-compat -Wpointer-arith -O2 -fomit-frame-pointer -m64 -mtune=znver3 -march=znver3  -I/afs/cern.ch/user/a/adevita/public/Renzi/SC4PS-25-26/HW5/.mpfr-env/include  -L/afs/cern.ch/user/a/adevita/public/Renzi/SC4PS-25-26/HW5/.mpfr-env/lib -Wl,--disable-new-dtags conftest.c -o conftest >&5 2>&1
configure:18380: $? = 0
configure:18675: result: IEEE double, little endian
configure:18697: checking format of floating-point type `long double'
configure:18732: gcc -Wall -Wmissing-prototypes -Wc++-compat -Wpointer-arith -O2 -fomit-frame-pointer -m64 -mtune=znver3 -march=znver3  -I/afs/cern.ch/user/a/adevita/public/Renzi/SC4PS-25-26/HW5/.mpfr-env/include  -L/afs/cern.ch/user/a/adevita/public/Renzi/SC4PS-25-26/HW5/.mpfr-env/lib -Wl,--disable-new-dtags conftest.c -o conftest >&5 2>&1
configure:18735: $? = 0
configure:19030: result: IEEE extended, little endian (16 bytes)
configure:19086: checking for TLS support using C11
configure:19108: gcc -o conftest -Wall -Wmissing-prototypes -Wc++-compat -Wpointer-arith -O2 -fomit-frame-pointer -m64 -mtune=znver3 -march=znver3  -I/afs/cern.ch/user/a/adevita/public/Renzi/SC4PS-25-26/HW5/.mpfr-env/include -I/afs/cern.ch/user/a/adevita/public/Renzi/SC4PS-25-26/HW5/.mpfr-build/sources/mpfr-4.2.2/src  -L/afs/cern.ch/user/a/adevita/public/Renzi/SC4PS-25-26/HW5/.mpfr-env/lib -Wl,--disable-new-dtags conftest.c  >&5
configure:19108: $? = 0
configure:19108: ./conftest
configure:19108: $? = 0
configure:19110: result: yes
configure:19195: checking if compiler knows _Decimal64
configure:19208: gcc -c -Wall -Wmissing-prototypes -Wc++-compat -Wpointer-arith -O2 -fomit-frame-pointer -m64 -mtune=znver3 -march=znver3  -I/afs/cern.ch/user/a/adevita/public/Renzi/SC4PS-25-26/HW5/.mpfr-env/include conftest.c >&5
configure:19208: $? = 0
configure:19210: result: yes
configure:19212: checking decimal float format
configure:19240: gcc -o conftest -Wall -Wmissing-prototypes -Wc++-compat -Wpointer-arith -O2 -fomit-frame-pointer -m64 -mtune=znver3 -march=znver3  -I/afs/cern.ch/user/a/adevita/public/Renzi/SC4PS-25-26/HW5/.mpfr-env/include  -L/afs/cern.ch/user/a/adevita/public/Renzi/SC4PS-25-26/HW5/.mpfr-env/lib -Wl,--disable-new-dtags conftest.c  >&5
configure:19240: $? = 0
configure:19240: ./conftest
configure:19240: $? = 81
configure: program exited with status 81
configure: failed program was:
| /* confdefs.h */
| #define PACKAGE_NAME "MPFR"
| #define PACKAGE_TARNAME "mpfr"
| #define PACKAGE_VERSION "4.2.2"
| #define PACKAGE_STRING "MPFR 4.2.2"
| #define PACKAGE_BUGREPORT ""
| #define PACKAGE_URL ""
| #define HAVE_STDIO_H 1
| #define HAVE_STDLIB_H 1
| #define HAVE_STRING_H 1
| #define HAVE_INTTYPES_H 1
| #define HAVE_STDINT_H 1
| #define HAVE_STRINGS_H 1
| #define HAVE_SYS_STAT_H 1
| #define HAVE_SYS_TYPES_H 1
| #define HAVE_UNISTD_H 1
| #define STDC_HEADERS 1
| #define HAVE_DLFCN_H 1
| #define LT_OBJDIR ".libs/"
| #define HAVE_LITTLE_ENDIAN 1
| #define HAVE_CLOCK_GETTIME 1
| #define HAVE_LOCALE_H 1
| #define HAVE_WCHAR_H 1
| #define HAVE_STDARG 1
| #define HAVE_STRUCT_LCONV_DECIMAL_POINT 1
| #define HAVE_STRUCT_LCONV_THOUSANDS_SEP 1
| #define HAVE_ALLOCA_H 1
| #define HAVE_ALLOCA 1
| #define HAVE_UINTPTR_T 1
| #define HAVE_VA_COPY 1
| #define HAVE_SETLOCALE 1
| #define HAVE_GETTIMEOFDAY 1
| #define HAVE_SIGNAL 1
| #define HAVE_SIGACTION 1
| #define HAVE_LONG_LONG 1
| #define HAVE_INTMAX_T 1
| #define MPFR_HAVE_INTMAX_MAX 1
| #define MPFR_HAVE_NORETURN 1
| #define MPFR_HAVE_BUILTIN_UNREACHABLE 1
| #define MPFR_HAVE_CONSTRUCTOR_ATTR 1
| #define MPFR_HAVE_FESETROUND 1
| #define HAVE_SUBNORM_DBL 1
| #define HAVE_SUBNORM_FLT 1
| #define HAVE_SIGNEDZ 1
| #define HAVE_ROUND 1
| #define HAVE_TRUNC 1
| #define HAVE_FLOOR 1
| #define HAVE_CEIL 1
| #define HAVE_NEARBYINT 1
| #define HAVE_DOUBLE_IEEE_LITTLE_ENDIAN 1
| #define HAVE_LDOUBLE_IEEE_EXT_LITTLE 1
| #define MPFR_USE_THREAD_SAFE 1
| #define MPFR_USE_C11_THREAD_SAFE 1
| /* end confdefs.h.  */
| 
| #include <stdlib.h>
| 
| int
| main (void)
| {
| 
| volatile _Decimal64 x = 1;
| union { double d; _Decimal64 d64; } y;
| if (x != x) return 83;
| y.d64 = 1234567890123456.0dd;
| return y.d == 0.14894469406741037E-123 ? 80 :
|        y.d == 0.59075095508629822E-68  ? 81 : 82;
| 
|   ;
|   return 0;
| }
configure:19259: result: BID
configure:19336: checking bit-field ordering for _Decimal128
configure:19379: gcc -o conftest -Wall -Wmissing-prototypes -Wc++-compat -Wpointer-arith -O2 -fomit-frame-pointer -m64 -mtune=znver3 -march=znver3  -I/afs/cern.ch/user/a/adevita/public/Renzi/SC4PS-25-26/HW5/.mpfr-env/include  -L/afs/cern.ch/user/a/adevita/public/Renzi/SC4PS-25-26/HW5/.mpfr-env/lib -Wl,--disable-new-dtags conftest.c  >&5
configure:19379: $? = 0
configure:19379: ./conftest
configure:19379: $? = 80
configure: program exited with status 80
configure: failed program was:
| /* confdefs.h */
| #define PACKAGE_NAME "MPFR"
| #define PACKAGE_TARNAME "mpfr"
| #define PACKAGE_VERSION "4.2.2"
| #define PACKAGE_STRING "MPFR 4.2.2"
| #define PACKAGE_BUGREPORT ""
| #define PACKAGE_URL ""
| #define HAVE_STDIO_H 1
| #define HAVE_STDLIB_H 1
| #define HAVE_STRING_H 1
| #define HAVE_INTTYPES_H 1
| #define HAVE_STDINT_H 1
| #define HAVE_STRINGS_H 1
| #define HAVE_SYS_STAT_H 1
| #define HAVE_SYS_TYPES_H 1
| #define HAVE_UNISTD_H 1
| #define STDC_HEADERS 1
| #define HAVE_DLFCN_H 1
| #define LT_OBJDIR ".libs/"
| #define HAVE_LITTLE_ENDIAN 1
| #define HAVE_CLOCK_GETTIME 1
| #define HAVE_LOCALE_H 1
| #define HAVE_WCHAR_H 1
| #define HAVE_STDARG 1
| #define HAVE_STRUCT_LCONV_DECIMAL_POINT 1
| #define HAVE_STRUCT_LCONV_THOUSANDS_SEP 1
| #define HAVE_ALLOCA_H 1
| #define HAVE_ALLOCA 1
| #define HAVE_UINTPTR_T 1
| #define HAVE_VA_COPY 1
| #define HAVE_SETLOCALE 1
| #define HAVE_GETTIMEOFDAY 1
| #define HAVE_SIGNAL 1
| #define HAVE_SIGACTION 1
| #define HAVE_LONG_LONG 1
| #define HAVE_INTMAX_T 1
| #define MPFR_HAVE_INTMAX_MAX 1
| #define MPFR_HAVE_NORETURN 1
| #define MPFR_HAVE_BUILTIN_UNREACHABLE 1
| #define MPFR_HAVE_CONSTRUCTOR_ATTR 1
| #define MPFR_HAVE_FESETROUND 1
| #define HAVE_SUBNORM_DBL 1
| #define HAVE_SUBNORM_FLT 1
| #define HAVE_SIGNEDZ 1
| #define HAVE_ROUND 1
| #define HAVE_TRUNC 1
| #define HAVE_FLOOR 1
| #define HAVE_CEIL 1
| #define HAVE_NEARBYINT 1
| #define HAVE_DOUBLE_IEEE_LITTLE_ENDIAN 1
| #define HAVE_LDOUBLE_IEEE_EXT_LITTLE 1
| #define MPFR_USE_THREAD_SAFE 1
| #define MPFR_USE_C11_THREAD_SAFE 1
| #define MPFR_WANT_DECIMAL_FLOATS 1
| #define DECIMAL_BID_FORMAT 1
| /* end confdefs.h.  */
| 
| 
| int
| main (void)
| {
| 
|     union ieee_decimal128
|     {
|       struct
|       {
|         unsigned int t3:32;
|         unsigned int t2:32;
|         unsigned int t1:32;
|         unsigned int t0:14;
|         unsigned int comb:17;
|         unsigned int sig:1;
|       } s;
|       _Decimal128 d128;
|     } x;
| 
|     x.d128 = 1.0dl;
|     if (x.s.sig == 0 && x.s.comb == 49400 &&
|         x.s.t0 == 0 && x.s.t1 == 0 && x.s.t2 == 0 && x.s.t3 == 10)
|        return 80; /* little endian */
|     else if (x.s.sig == 0 && x.s.comb == 8 &&
|              x.s.t0 == 0 && x.s.t1 == 0 && x.s.t2 == 0 && x.s.t3 == 570933248)
|        return 81; /* big endian */
|     else
|        return 82; /* unknown encoding */
| 
|   ;
|   return 0;
| }
configure:19386: result: little endian
configure:19409: checking if _Float128 with hex constants is supported
configure:19425: gcc -o conftest -Wall -Wmissing-prototypes -Wc++-compat -Wpointer-arith -O2 -fomit-frame-pointer -m64 -mtune=znver3 -march=znver3  -I/afs/cern.ch/user/a/adevita/public/Renzi/SC4PS-25-26/HW5/.mpfr-env/include  -L/afs/cern.ch/user/a/adevita/public/Renzi/SC4PS-25-26/HW5/.mpfr-env/lib -Wl,--disable-new-dtags conftest.c  >&5
configure:19425: $? = 0
configure:19427: result: yes
configure:19479: checking for Static Assertion support
configure:19500: gcc -c -Wall -Wmissing-prototypes -Wc++-compat -Wpointer-arith -O2 -fomit-frame-pointer -m64 -mtune=znver3 -march=znver3  -I/afs/cern.ch/user/a/adevita/public/Renzi/SC4PS-25-26/HW5/.mpfr-env/include -I/afs/cern.ch/user/a/adevita/public/Renzi/SC4PS-25-26/HW5/.mpfr-build/sources/mpfr-4.2.2/src conftest.c >&5
configure:19500: $? = 0
configure:19502: result: yes
configure:19662: checking whether gcc __attribute__ ((mode (XX))) works
configure:19679: gcc -c -Wall -Wmissing-prototypes -Wc++-compat -Wpointer-arith -O2 -fomit-frame-pointer -m64 -mtune=znver3 -march=znver3  -I/afs/cern.ch/user/a/adevita/public/Renzi/SC4PS-25-26/HW5/.mpfr-env/include conftest.c >&5
configure:19679: $? = 0
configure:19690: result: yes
configure:19704: checking for gmp.h
configure:19712: gcc -c -Wall -Wmissing-prototypes -Wc++-compat -Wpointer-arith -O2 -fomit-frame-pointer -m64 -mtune=znver3 -march=znver3  -I/afs/cern.ch/user/a/adevita/public/Renzi/SC4PS-25-26/HW5/.mpfr-env/include conftest.c >&5
configure:19712: $? = 0
configure:19714: result: yes
configure:19798: checking for recent GMP
configure:19810: gcc -c -Wall -Wmissing-prototypes -Wc++-compat -Wpointer-arith -O2 -fomit-frame-pointer -m64 -mtune=znver3 -march=znver3  -I/afs/cern.ch/user/a/adevita/public/Renzi/SC4PS-25-26/HW5/.mpfr-env/include conftest.c >&5
configure:19810: $? = 0
configure:19812: result: yes
configure:19824: checking usable gmp.h at link time
configure:19839: gcc -o conftest -Wall -Wmissing-prototypes -Wc++-compat -Wpointer-arith -O2 -fomit-frame-pointer -m64 -mtune=znver3 -march=znver3  -I/afs/cern.ch/user/a/adevita/public/Renzi/SC4PS-25-26/HW5/.mpfr-env/include  -L/afs/cern.ch/user/a/adevita/public/Renzi/SC4PS-25-26/HW5/.mpfr-env/lib -Wl,--disable-new-dtags conftest.c  >&5
configure:19839: $? = 0
configure:19841: result: yes
configure:19884: checking for GMP_NUMB_BITS and sizeof(mp_limb_t) consistency
configure:19914: gcc -o conftest -Wall -Wmissing-prototypes -Wc++-compat -Wpointer-arith -O2 -fomit-frame-pointer -m64 -mtune=znver3 -march=znver3  -I/afs/cern.ch/user/a/adevita/public/Renzi/SC4PS-25-26/HW5/.mpfr-env/include  -L/afs/cern.ch/user/a/adevita/public/Renzi/SC4PS-25-26/HW5/.mpfr-env/lib -Wl,--disable-new-dtags conftest.c  >&5
configure:19914: $? = 0
configure:19914: ./conftest
configure:19914: $? = 0
configure:19916: result: yes
configure:19935: checking for long to fit in mp_limb_t
configure:19964: gcc -o conftest -Wall -Wmissing-prototypes -Wc++-compat -Wpointer-arith -O2 -fomit-frame-pointer -m64 -mtune=znver3 -march=znver3  -I/afs/cern.ch/user/a/adevita/public/Renzi/SC4PS-25-26/HW5/.mpfr-env/include -I/afs/cern.ch/user/a/adevita/public/Renzi/SC4PS-25-26/HW5/.mpfr-build/sources/mpfr-4.2.2/src  -L/afs/cern.ch/user/a/adevita/public/Renzi/SC4PS-25-26/HW5/.mpfr-env/lib -Wl,--disable-new-dtags conftest.c  >&5
configure:19964: $? = 0
configure:19976: result: yes
configure:19989: checking for intmax_t to fit in mp_limb_t
configure:20019: gcc -o conftest -Wall -Wmissing-prototypes -Wc++-compat -Wpointer-arith -O2 -fomit-frame-pointer -m64 -mtune=znver3 -march=znver3  -I/afs/cern.ch/user/a/adevita/public/Renzi/SC4PS-25-26/HW5/.mpfr-env/include -I/afs/cern.ch/user/a/adevita/public/Renzi/SC4PS-25-26/HW5/.mpfr-build/sources/mpfr-4.2.2/src -DMPFR_NEED_INTMAX_H  -L/afs/cern.ch/user/a/adevita/public/Renzi/SC4PS-25-26/HW5/.mpfr-env/lib -Wl,--disable-new-dtags conftest.c  >&5
configure:20019: $? = 0
configure:20031: result: yes
configure:20045: checking if we can link with GMP
configure:20063: gcc -o conftest -Wall -Wmissing-prototypes -Wc++-compat -Wpointer-arith -O2 -fomit-frame-pointer -m64 -mtune=znver3 -march=znver3  -I/afs/cern.ch/user/a/adevita/public/Renzi/SC4PS-25-26/HW5/.mpfr-env/include  -L/afs/cern.ch/user/a/adevita/public/Renzi/SC4PS-25-26/HW5/.mpfr-env/lib -Wl,--disable-new-dtags conftest.c -lgmp  >&5
configure:20063: $? = 0
configure:20065: result: yes
configure:20079: checking if gmp.h version and libgmp version are the same
configure:20119: gcc -o conftest -Wall -Wmissing-prototypes -Wc++-compat -Wpointer-arith -O2 -fomit-frame-pointer -m64 -mtune=znver3 -march=znver3  -I/afs/cern.ch/user/a/adevita/public/Renzi/SC4PS-25-26/HW5/.mpfr-env/include  -L/afs/cern.ch/user/a/adevita/public/Renzi/SC4PS-25-26/HW5/.mpfr-env/lib -Wl,--disable-new-dtags conftest.c -lgmp  >&5
configure:20119: $? = 0
configure:20119: ./conftest
gmp.h: 6.3.0 / libgmp: 6.3.0
configure:20119: $? = 0
configure:20121: result: yes
configure:20124: checking for GMP library vs header correctness
configure:20171: gcc -o conftest -Wall -Wmissing-prototypes -Wc++-compat -Wpointer-arith -O2 -fomit-frame-pointer -m64 -mtune=znver3 -march=znver3  -I/afs/cern.ch/user/a/adevita/public/Renzi/SC4PS-25-26/HW5/.mpfr-env/include  -L/afs/cern.ch/user/a/adevita/public/Renzi/SC4PS-25-26/HW5/.mpfr-env/lib -Wl,--disable-new-dtags conftest.c -lgmp  >&5
configure:20171: $? = 0
configure:20171: ./conftest
GMP_NAIL_BITS     = 0
GMP_NUMB_BITS     = 64
mp_bits_per_limb  = 64
sizeof(mp_limb_t) = 8
configure:20171: $? = 0
configure:20186: result: yes
configure:20195: checking for double-to-integer conversion bug
configure:20240: gcc -o conftest -Wall -Wmissing-prototypes -Wc++-compat -Wpointer-arith -O2 -fomit-frame-pointer -m64 -mtune=znver3 -march=znver3  -I/afs/cern.ch/user/a/adevita/public/Renzi/SC4PS-25-26/HW5/.mpfr-env/include  -L/afs/cern.ch/user/a/adevita/public/Renzi/SC4PS-25-26/HW5/.mpfr-env/lib -Wl,--disable-new-dtags conftest.c -lgmp  >&5
configure:20240: $? = 0
configure:20240: ./conftest
configure:20240: $? = 0
configure:20255: result: no
configure:20266: checking if gmp_printf supports "%jd"
configure:20314: gcc -o conftest -Wall -Wmissing-prototypes -Wc++-compat -Wpointer-arith -O2 -fomit-frame-pointer -m64 -mtune=znver3 -march=znver3  -I/afs/cern.ch/user/a/adevita/public/Renzi/SC4PS-25-26/HW5/.mpfr-env/include  -L/afs/cern.ch/user/a/adevita/public/Renzi/SC4PS-25-26/HW5/.mpfr-env/lib -Wl,--disable-new-dtags conftest.c -lgmp  >&5
configure:20314: $? = 0
configure:20314: ./conftest
configure:20314: $? = 0
configure:20316: result: yes
configure:20336: checking if gmp_printf supports "%hhd"
configure:20379: gcc -o conftest -Wall -Wmissing-prototypes -Wc++-compat -Wpointer-arith -O2 -fomit-frame-pointer -m64 -mtune=znver3 -march=znver3  -I/afs/cern.ch/user/a/adevita/public/Renzi/SC4PS-25-26/HW5/.mpfr-env/include  -L/afs/cern.ch/user/a/adevita/public/Renzi/SC4PS-25-26/HW5/.mpfr-env/lib -Wl,--disable-new-dtags conftest.c -lgmp  >&5
configure:20379: $? = 0
configure:20379: ./conftest
configure:20379: $? = 0
configure:20381: result: yes
configure:20400: checking if gmp_printf supports "%lld"
configure:20443: gcc -o conftest -Wall -Wmissing-prototypes -Wc++-compat -Wpointer-arith -O2 -fomit-frame-pointer -m64 -mtune=znver3 -march=znver3  -I/afs/cern.ch/user/a/adevita/public/Renzi/SC4PS-25-26/HW5/.mpfr-env/include  -L/afs/cern.ch/user/a/adevita/public/Renzi/SC4PS-25-26/HW5/.mpfr-env/lib -Wl,--disable-new-dtags conftest.c -lgmp  >&5
configure:20443: $? = 0
configure:20443: ./conftest
configure:20443: $? = 0
configure:20445: result: yes
configure:20464: checking if gmp_printf supports "%Lf"
configure:20509: gcc -o conftest -Wall -Wmissing-prototypes -Wc++-compat -Wpointer-arith -O2 -fomit-frame-pointer -m64 -mtune=znver3 -march=znver3  -I/afs/cern.ch/user/a/adevita/public/Renzi/SC4PS-25-26/HW5/.mpfr-env/include  -L/afs/cern.ch/user/a/adevita/public/Renzi/SC4PS-25-26/HW5/.mpfr-env/lib -Wl,--disable-new-dtags conftest.c -lgmp  >&5
configure:20509: $? = 0
configure:20509: ./conftest
configure:20509: $? = 0
configure:20511: result: yes
configure:20532: checking if gmp_printf supports "%td"
configure:20582: gcc -o conftest -Wall -Wmissing-prototypes -Wc++-compat -Wpointer-arith -O2 -fomit-frame-pointer -m64 -mtune=znver3 -march=znver3  -I/afs/cern.ch/user/a/adevita/public/Renzi/SC4PS-25-26/HW5/.mpfr-env/include  -L/afs/cern.ch/user/a/adevita/public/Renzi/SC4PS-25-26/HW5/.mpfr-env/lib -Wl,--disable-new-dtags conftest.c -lgmp  >&5
configure:20582: $? = 0
configure:20582: ./conftest
configure:20582: $? = 0
configure:20584: result: yes
configure:20604: checking if gmp_printf supports "%a"
configure:20658: gcc -o conftest -Wall -Wmissing-prototypes -Wc++-compat -Wpointer-arith -O2 -fomit-frame-pointer -m64 -mtune=znver3 -march=znver3  -I/afs/cern.ch/user/a/adevita/public/Renzi/SC4PS-25-26/HW5/.mpfr-env/include  -L/afs/cern.ch/user/a/adevita/public/Renzi/SC4PS-25-26/HW5/.mpfr-env/lib -Wl,--disable-new-dtags conftest.c -lgmp  >&5
configure:20658: $? = 0
configure:20658: ./conftest
configure:20658: $? = 0
configure:20660: result: yes
configure:20700: checking if gmp_printf supports the ' group flag
configure:20726: gcc -o conftest -Wall -Wmissing-prototypes -Wc++-compat -Wpointer-arith -O2 -fomit-frame-pointer -m64 -mtune=znver3 -march=znver3  -I/afs/cern.ch/user/a/adevita/public/Renzi/SC4PS-25-26/HW5/.mpfr-env/include  -L/afs/cern.ch/user/a/adevita/public/Renzi/SC4PS-25-26/HW5/.mpfr-env/lib -Wl,--disable-new-dtags conftest.c -lgmp  >&5
configure:20726: $? = 0
configure:20726: ./conftest
configure:20726: $? = 0
configure:20728: result: yes
configure:20793: checking for __gmpn_sbpi1_divappr_q
configure:20793: gcc -o conftest -Wall -Wmissing-prototypes -Wc++-compat -Wpointer-arith -O2 -fomit-frame-pointer -m64 -mtune=znver3 -march=znver3  -I/afs/cern.ch/user/a/adevita/public/Renzi/SC4PS-25-26/HW5/.mpfr-env/include  -L/afs/cern.ch/user/a/adevita/public/Renzi/SC4PS-25-26/HW5/.mpfr-env/lib -Wl,--disable-new-dtags conftest.c -lgmp  >&5
configure:20793: $? = 0
configure:20793: result: yes
configure:20800: checking for __gmpn_invert_limb
configure:20800: gcc -o conftest -Wall -Wmissing-prototypes -Wc++-compat -Wpointer-arith -O2 -fomit-frame-pointer -m64 -mtune=znver3 -march=znver3  -I/afs/cern.ch/user/a/adevita/public/Renzi/SC4PS-25-26/HW5/.mpfr-env/include  -L/afs/cern.ch/user/a/adevita/public/Renzi/SC4PS-25-26/HW5/.mpfr-env/lib -Wl,--disable-new-dtags conftest.c -lgmp  >&5
configure:20800: $? = 0
configure:20800: result: yes
configure:20807: checking for __gmpn_rsblsh1_n
configure:20807: gcc -o conftest -Wall -Wmissing-prototypes -Wc++-compat -Wpointer-arith -O2 -fomit-frame-pointer -m64 -mtune=znver3 -march=znver3  -I/afs/cern.ch/user/a/adevita/public/Renzi/SC4PS-25-26/HW5/.mpfr-env/include  -L/afs/cern.ch/user/a/adevita/public/Renzi/SC4PS-25-26/HW5/.mpfr-env/lib -Wl,--disable-new-dtags conftest.c -lgmp  >&5
configure:20807: $? = 0
configure:20807: result: yes
configure:20862: checking for getrusage
configure:20862: gcc -o conftest -Wall -Wmissing-prototypes -Wc++-compat -Wpointer-arith -O2 -fomit-frame-pointer -m64 -mtune=znver3 -march=znver3  -I/afs/cern.ch/user/a/adevita/public/Renzi/SC4PS-25-26/HW5/.mpfr-env/include  -L/afs/cern.ch/user/a/adevita/public/Renzi/SC4PS-25-26/HW5/.mpfr-env/lib -Wl,--disable-new-dtags conftest.c -lgmp  >&5
configure:20862: $? = 0
configure:20862: result: yes
configure:21023: checking that generated files are newer than configure
configure:21029: result: done
configure:21072: creating ./config.status

## ---------------------- ##
## Running config.status. ##
## ---------------------- ##

This file was extended by MPFR config.status 4.2.2, which was
generated by GNU Autoconf 2.72.  Invocation command line was

  CONFIG_FILES    = 
  CONFIG_HEADERS  = 
  CONFIG_LINKS    = 
  CONFIG_COMMANDS = 
  $ ./config.status 

on lxplus949.cern.ch

config.status:1043: creating Makefile
config.status:1043: creating mpfr.pc
config.status:1043: creating doc/Makefile
config.status:1043: creating src/Makefile
config.status:1043: creating tests/Makefile
config.status:1043: creating tune/Makefile
config.status:1043: creating src/mparam.h
config.status:1043: creating tools/bench/Makefile
config.status:1200: executing depfiles commands
config.status:1277: cd src       && sed -e '/# am--include-marker/d' Makefile         | make -f - am--depfiles
config.status:1282: $? = 0
config.status:1277: cd tests       && sed -e '/# am--include-marker/d' Makefile         | make -f - am--depfiles
config.status:1282: $? = 0
config.status:1277: cd tune       && sed -e '/# am--include-marker/d' Makefile         | make -f - am--depfiles
config.status:1282: $? = 0
config.status:1277: cd tools/bench       && sed -e '/# am--include-marker/d' Makefile         | make -f - am--depfiles
config.status:1282: $? = 0
config.status:1200: executing libtool commands

## ---------------- ##
## Cache variables. ##
## ---------------- ##

ac_cv_build=x86_64-pc-linux-gnu
ac_cv_c_bigendian=no
ac_cv_c_compiler_gnu=yes
ac_cv_c_const=yes
ac_cv_c_volatile=yes
ac_cv_env_CC_set=
ac_cv_env_CC_value=
ac_cv_env_CFLAGS_set=
ac_cv_env_CFLAGS_value=
ac_cv_env_CPPFLAGS_set=
ac_cv_env_CPPFLAGS_value=
ac_cv_env_CPP_set=
ac_cv_env_CPP_value=
ac_cv_env_LDFLAGS_set=
ac_cv_env_LDFLAGS_value=
ac_cv_env_LIBS_set=
ac_cv_env_LIBS_value=
ac_cv_env_LT_SYS_LIBRARY_PATH_set=
ac_cv_env_LT_SYS_LIBRARY_PATH_value=
ac_cv_env_build_alias_set=
ac_cv_env_build_alias_value=
ac_cv_env_host_alias_set=
ac_cv_env_host_alias_value=
ac_cv_env_target_alias_set=
ac_cv_env_target_alias_value=
ac_cv_func___gmpn_invert_limb=yes
ac_cv_func___gmpn_rsblsh1_n=yes
ac_cv_func___gmpn_sbpi1_divappr_q=yes
ac_cv_func_alloca_works=yes
ac_cv_func_getrusage=yes
ac_cv_func_gettimeofday=yes
ac_cv_func_setlocale=yes
ac_cv_func_signal=yes
ac_cv_header_dlfcn_h=yes
ac_cv_header_float_h=yes
ac_cv_header_inttypes_h=yes
ac_cv_header_limits_h=yes
ac_cv_header_locale_h=yes
ac_cv_header_stdarg_h=yes
ac_cv_header_stdint_h=yes
ac_cv_header_stdio_h=yes
ac_cv_header_stdlib_h=yes
ac_cv_header_string_h=yes
ac_cv_header_strings_h=yes
ac_cv_header_sys_fpu_h=no
ac_cv_header_sys_stat_h=yes
ac_cv_header_sys_types_h=yes
ac_cv_header_unistd_h=yes
ac_cv_header_wchar_h=yes
ac_cv_host=x86_64-pc-linux-gnu
ac_cv_member_struct_lconv_decimal_point=yes
ac_cv_member_struct_lconv_thousands_sep=yes
ac_cv_objext=o
ac_cv_path_EGREP='/usr/bin/grep -E'
ac_cv_path_EGREP_TRADITIONAL='/usr/bin/grep -E'
ac_cv_path_FGREP='/usr/bin/grep -F'
ac_cv_path_GREP=/usr/bin/grep
ac_cv_path_SED=/usr/bin/sed
ac_cv_path_install='/usr/bin/install -c'
ac_cv_path_lt_DD=/usr/bin/dd
ac_cv_path_mkdir=/usr/bin/mkdir
ac_cv_prog_AWK=gawk
ac_cv_prog_CPP='gcc -E'
ac_cv_prog_FILECMD=file
ac_cv_prog_ac_ct_AR=ar
ac_cv_prog_ac_ct_CC=gcc
ac_cv_prog_ac_ct_OBJDUMP=objdump
ac_cv_prog_ac_ct_RANLIB=ranlib
ac_cv_prog_ac_ct_STRIP=strip
ac_cv_prog_cc_c11=
ac_cv_prog_cc_g=yes
ac_cv_prog_cc_stdc=
ac_cv_prog_make_make_set=yes
ac_cv_search_clock_gettime='none required'
ac_cv_type_intmax_t=yes
ac_cv_type_long_long_int=yes
ac_cv_type_size_t=yes
ac_cv_type_uintptr_t=yes
ac_cv_type_union_fpc_csr=no
ac_cv_working_alloca_h=yes
am_cv_CC_dependencies_compiler_type=gcc3
am_cv_ar_interface=ar
am_cv_filesystem_timestamp_resolution=2
am_cv_make_support_nested_variables=yes
am_cv_prog_cc_c_o=yes
am_cv_sleep_fractional_seconds=yes
am_cv_xargs_n_works=yes
gmp_cv_c_attribute_mode=yes
lt_cv_ar_at_file=@
lt_cv_archive_cmds_need_lc=no
lt_cv_deplibs_check_method=pass_all
lt_cv_file_magic_cmd='$MAGIC_CMD'
lt_cv_file_magic_test_file=
lt_cv_ld_reload_flag=-r
lt_cv_nm_interface='BSD nm'
lt_cv_objdir=.libs
lt_cv_path_LD=/usr/bin/ld
lt_cv_path_NM='/usr/bin/nm -B'
lt_cv_path_manifest_tool=no
lt_cv_prog_compiler_c_o=yes
lt_cv_prog_compiler_pic='-fPIC -DPIC'
lt_cv_prog_compiler_pic_works=yes
lt_cv_prog_compiler_rtti_exceptions=no
lt_cv_prog_compiler_static_works=yes
lt_cv_prog_gnu_ld=yes
lt_cv_sharedlib_from_linklib_cmd='printf %s\n'
lt_cv_shlibpath_overrides_runpath=no
lt_cv_sys_global_symbol_pipe='/usr/bin/sed -n -e '\''s/^.*[	 ]\([ABCDGIRSTW][ABCDGIRSTW]*\)[	 ][	 ]*\([_A-Za-z][_A-Za-z0-9]*\)$/\1 \2 \2/p'\'' | /usr/bin/sed '\''/ __gnu_lto/d'\'''
lt_cv_sys_global_symbol_to_c_name_address='/usr/bin/sed -n -e '\''s/^: \(.*\) .*$/  {"\1", (void *) 0},/p'\'' -e '\''s/^[ABCDGIRSTW][ABCDGIRSTW]* .* \(.*\)$/  {"\1", (void *) \&\1},/p'\'''
lt_cv_sys_global_symbol_to_c_name_address_lib_prefix='/usr/bin/sed -n -e '\''s/^: \(.*\) .*$/  {"\1", (void *) 0},/p'\'' -e '\''s/^[ABCDGIRSTW][ABCDGIRSTW]* .* \(lib.*\)$/  {"\1", (void *) \&\1},/p'\'' -e '\''s/^[ABCDGIRSTW][ABCDGIRSTW]* .* \(.*\)$/  {"lib\1", (void *) \&\1},/p'\'''
lt_cv_sys_global_symbol_to_cdecl='/usr/bin/sed -n -e '\''s/^T .* \(.*\)$/extern int \1();/p'\'' -e '\''s/^[ABCDGIRSTW][ABCDGIRSTW]* .* \(.*\)$/extern char \1;/p'\'''
lt_cv_sys_global_symbol_to_import=
lt_cv_sys_max_cmd_len=1572864
lt_cv_to_host_file_cmd=func_convert_file_noop
lt_cv_to_tool_file_cmd=func_convert_file_noop
lt_cv_truncate_bin='/usr/bin/dd bs=4096 count=1'
mpfr_cv_c_double_format='IEEE double, little endian'
mpfr_cv_c_long_double_format='IEEE extended, little endian (16 bytes)'
mpfr_cv_check_gmp=yes
mpfr_cv_dbl_int_bug=no
mpfr_cv_errdivzero=no
mpfr_cv_gcc_floatconv_bug=no
mpfr_cv_have_builtin_unreachable=yes
mpfr_cv_have_fesetround=yes
mpfr_cv_have_intmax_max=yes
mpfr_cv_have_noreturn=yes
mpfr_cv_have_signedz=yes
mpfr_cv_have_subnorm_dbl=yes
mpfr_cv_have_subnorm_flt=yes
mpfr_cv_intmax_within_limb=yes
mpfr_cv_long_within_limb=yes
mpfr_cv_nanisnan=no

## ----------------- ##
## Output variables. ##
## ----------------- ##

ACLOCAL='${SHELL} '\''/afs/cern.ch/user/a/adevita/public/Renzi/SC4PS-25-26/HW5/.mpfr-build/sources/mpfr-4.2.2/missing'\'' aclocal-1.17'
ALLOCA=''
AMDEPBACKSLASH='\'
AMDEP_FALSE='#'
AMDEP_TRUE=''
AMTAR='$${TAR-tar}'
AM_BACKSLASH='\'
AM_DEFAULT_V='$(AM_DEFAULT_VERBOSITY)'
AM_DEFAULT_VERBOSITY='1'
AM_V='$(V)'
AR='ar'
AS='as'
AUTOCONF='${SHELL} '\''/afs/cern.ch/user/a/adevita/public/Renzi/SC4PS-25-26/HW5/.mpfr-build/sources/mpfr-4.2.2/missing'\'' autoconf'
AUTOHEADER='${SHELL} '\''/afs/cern.ch/user/a/adevita/public/Renzi/SC4PS-25-26/HW5/.mpfr-build/sources/mpfr-4.2.2/missing'\'' autoheader'
AUTOMAKE='${SHELL} '\''/afs/cern.ch/user/a/adevita/public/Renzi/SC4PS-25-26/HW5/.mpfr-build/sources/mpfr-4.2.2/missing'\'' automake-1.17'
AWK='gawk'
CC='gcc'
CCDEPMODE='depmode=gcc3'
CFLAGS='-Wall -Wmissing-prototypes -Wc++-compat -Wpointer-arith -O2 -fomit-frame-pointer -m64 -mtune=znver3 -march=znver3'
CPP='gcc -E'
CPPFLAGS=' -I/afs/cern.ch/user/a/adevita/public/Renzi/SC4PS-25-26/HW5/.mpfr-env/include'
CSCOPE='cscope'
CTAGS='ctags'
CYGPATH_W='echo'
DATAFILES=''
DEFS='-DHAVE_STDIO_H=1 -DHAVE_INTTYPES_H=1 -DHAVE_STDINT_H=1 -DLT_OBJDIR=\".libs/\" -DHAVE_LITTLE_ENDIAN=1 -DHAVE_CLOCK_GETTIME=1 -DHAVE_LOCALE_H=1 -DHAVE_WCHAR_H=1 -DHAVE_STDARG=1 -DHAVE_STRUCT_LCONV_DECIMAL_POINT=1 -DHAVE_STRUCT_LCONV_THOUSANDS_SEP=1 -DHAVE_ALLOCA_H=1 -DHAVE_ALLOCA=1 -DHAVE_UINTPTR_T=1 -DHAVE_VA_COPY=1 -DHAVE_SETLOCALE=1 -DHAVE_GETTIMEOFDAY=1 -DHAVE_SIGNAL=1 -DHAVE_SIGACTION=1 -DHAVE_LONG_LONG=1 -DHAVE_INTMAX_T=1 -DMPFR_HAVE_INTMAX_MAX=1 -DMPFR_HAVE_NORETURN=1 -DMPFR_HAVE_BUILTIN_UNREACHABLE=1 -DMPFR_HAVE_CONSTRUCTOR_ATTR=1 -DMPFR_HAVE_FESETROUND=1 -DHAVE_SUBNORM_DBL=1 -DHAVE_SUBNORM_FLT=1 -DHAVE_SIGNEDZ=1 -DHAVE_ROUND=1 -DHAVE_TRUNC=1 -DHAVE_FLOOR=1 -DHAVE_CEIL=1 -DHAVE_NEARBYINT=1 -DHAVE_DOUBLE_IEEE_LITTLE_ENDIAN=1 -DHAVE_LDOUBLE_IEEE_EXT_LITTLE=1 -DMPFR_USE_THREAD_SAFE=1 -DMPFR_USE_C11_THREAD_SAFE=1 -DMPFR_WANT_DECIMAL_FLOATS=1 -DDECIMAL_BID_FORMAT=1 -DHAVE_DECIMAL128_IEEE_LITTLE_ENDIAN=1 -DMPFR_WANT_FLOAT128=1 -DMPFR_USE_STATIC_ASSERT=1 -DHAVE_ATTRIBUTE_MODE=1 -DMPFR_LONG_WITHIN_LIMB=1 -DMPFR_INTMAX_WITHIN_LIMB=1 -DPRINTF_L=1 -DPRINTF_T=1 -DPRINTF_A=1 -DPRINTF_GROUPFLAG=1 -DHAVE___GMPN_SBPI1_DIVAPPR_Q=1 -DHAVE___GMPN_INVERT_LIMB=1 -DHAVE___GMPN_RSBLSH1_N=1 -DHAVE_GETRUSAGE=1'
DEPDIR='.deps'
DLLTOOL='false'
DSYMUTIL=''
DUMPBIN=''
ECHO_C=''
ECHO_N='-n'
ECHO_T=''
EGREP='/usr/bin/grep -E'
ETAGS='etags'
EXEEXT=''
FGREP='/usr/bin/grep -F'
FILECMD='file'
GREP='/usr/bin/grep'
INSTALL_DATA='${INSTALL} -m 644'
INSTALL_PROGRAM='${INSTALL}'
INSTALL_SCRIPT='${INSTALL}'
INSTALL_STRIP_PROGRAM='$(install_sh) -c -s'
LD='/usr/bin/ld -m elf_x86_64'
LDFLAGS=' -L/afs/cern.ch/user/a/adevita/public/Renzi/SC4PS-25-26/HW5/.mpfr-env/lib -Wl,--disable-new-dtags'
LIBMPFR_LDFLAGS=''
LIBOBJS=''
LIBS='-lgmp '
LIBTOOL='$(SHELL) $(top_builddir)/libtool'
LIPO=''
LN_S='ln -s'
LTLIBOBJS=''
LT_SYS_LIBRARY_PATH=''
MAINT=''
MAINTAINER_MODE_FALSE='#'
MAINTAINER_MODE_TRUE=''
MAKEINFO='${SHELL} '\''/afs/cern.ch/user/a/adevita/public/Renzi/SC4PS-25-26/HW5/.mpfr-build/sources/mpfr-4.2.2/missing'\'' makeinfo'
MANIFEST_TOOL=':'
MINI_GMP_FALSE=''
MINI_GMP_TRUE='#'
MKDIR_P='/usr/bin/mkdir -p'
MPFR_LDFLAGS=''
MPFR_LIBM='-lm'
MPFR_LIBQUADMATH='-lquadmath'
NM='/usr/bin/nm -B'
NMEDIT=''
OBJDUMP='objdump'
OBJEXT='o'
OTOOL64=''
OTOOL=''
PACKAGE='mpfr'
PACKAGE_BUGREPORT=''
PACKAGE_NAME='MPFR'
PACKAGE_STRING='MPFR 4.2.2'
PACKAGE_TARNAME='mpfr'
PACKAGE_URL=''
PACKAGE_VERSION='4.2.2'
PATH_SEPARATOR=':'
PTHREAD_CC=''
PTHREAD_CFLAGS=''
PTHREAD_CXX=''
PTHREAD_LIBS=''
RANLIB='ranlib'
SED='/usr/bin/sed'
SET_MAKE=''
SHELL='/bin/sh'
STRIP='strip'
TUNE_LIBS=''
VERSION='4.2.2'
ac_ct_AR='ar'
ac_ct_CC='gcc'
ac_ct_DUMPBIN=''
am__EXEEXT_FALSE=''
am__EXEEXT_TRUE='#'
am__fastdepCC_FALSE='#'
am__fastdepCC_TRUE=''
am__include='include'
am__isrc=' -I$(srcdir)'
am__leading_dot='.'
am__nodep='_no'
am__quote=''
am__rm_f_notfound=''
am__tar='$${TAR-tar} chof - "$$tardir"'
am__untar='$${TAR-tar} xf -'
am__xargs_n='xargs -n'
ax_pthread_config=''
bindir='${exec_prefix}/bin'
build='x86_64-pc-linux-gnu'
build_alias=''
build_cpu='x86_64'
build_os='linux-gnu'
build_vendor='pc'
datadir='${datarootdir}'
datarootdir='${prefix}/share'
docdir='${datarootdir}/doc/${PACKAGE_TARNAME}'
dvidir='${docdir}'
exec_prefix='${prefix}'
host='x86_64-pc-linux-gnu'
host_alias=''
host_cpu='x86_64'
host_os='linux-gnu'
host_vendor='pc'
htmldir='${docdir}'
includedir='${prefix}/include'
infodir='${datarootdir}/info'
install_sh='${SHELL} /afs/cern.ch/user/a/adevita/public/Renzi/SC4PS-25-26/HW5/.mpfr-build/sources/mpfr-4.2.2/install-sh'
libdir='${exec_prefix}/lib'
libexecdir='${exec_prefix}/libexec'
localedir='${datarootdir}/locale'
localstatedir='${prefix}/var'
mandir='${datarootdir}/man'
mini_gmp_path=''
mkdir_p='$(MKDIR_P)'
oldincludedir='/usr/include'
pdfdir='${docdir}'
prefix='/afs/cern.ch/user/a/adevita/public/Renzi/SC4PS-25-26/HW5/.mpfr-env'
program_transform_name='s,x,x,'
psdir='${docdir}'
runstatedir='${localstatedir}/run'
sbindir='${exec_prefix}/sbin'
sharedstatedir='${prefix}/com'
sysconfdir='${prefix}/etc'
target_alias=''

## ----------- ##
## confdefs.h. ##
## ----------- ##

/* confdefs.h */
#define HAVE_STDIO_H 1
#define HAVE_INTTYPES_H 1
#define HAVE_STDINT_H 1
#define LT_OBJDIR ".libs/"
#define HAVE_LITTLE_ENDIAN 1
#define HAVE_CLOCK_GETTIME 1
#define HAVE_LOCALE_H 1
#define HAVE_WCHAR_H 1
#define HAVE_STDARG 1
#define HAVE_STRUCT_LCONV_DECIMAL_POINT 1
#define HAVE_STRUCT_LCONV_THOUSANDS_SEP 1
#define HAVE_ALLOCA_H 1
#define HAVE_ALLOCA 1
#define HAVE_UINTPTR_T 1
#define HAVE_VA_COPY 1
#define HAVE_SETLOCALE 1
#define HAVE_GETTIMEOFDAY 1
#define HAVE_SIGNAL 1
#define HAVE_SIGACTION 1
#define HAVE_LONG_LONG 1
#define HAVE_INTMAX_T 1
#define MPFR_HAVE_INTMAX_MAX 1
#define MPFR_HAVE_NORETURN 1
#define MPFR_HAVE_BUILTIN_UNREACHABLE 1
#define MPFR_HAVE_CONSTRUCTOR_ATTR 1
#define MPFR_HAVE_FESETROUND 1
#define HAVE_SUBNORM_DBL 1
#define HAVE_SUBNORM_FLT 1
#define HAVE_SIGNEDZ 1
#define HAVE_ROUND 1
#define HAVE_TRUNC 1
#define HAVE_FLOOR 1
#define HAVE_CEIL 1
#define HAVE_NEARBYINT 1
#define HAVE_DOUBLE_IEEE_LITTLE_ENDIAN 1
#define HAVE_LDOUBLE_IEEE_EXT_LITTLE 1
#define MPFR_USE_THREAD_SAFE 1
#define MPFR_USE_C11_THREAD_SAFE 1
#define MPFR_WANT_DECIMAL_FLOATS 1
#define DECIMAL_BID_FORMAT 1
#define HAVE_DECIMAL128_IEEE_LITTLE_ENDIAN 1
#define MPFR_WANT_FLOAT128 1
#define MPFR_USE_STATIC_ASSERT 1
#define HAVE_ATTRIBUTE_MODE 1
#define MPFR_LONG_WITHIN_LIMB 1
#define MPFR_INTMAX_WITHIN_LIMB 1
#define PRINTF_L 1
#define PRINTF_T 1
#define PRINTF_A 1
#define PRINTF_GROUPFLAG 1
#define HAVE___GMPN_SBPI1_DIVAPPR_Q 1
#define HAVE___GMPN_INVERT_LIMB 1
#define HAVE___GMPN_RSBLSH1_N 1
#define HAVE_GETRUSAGE 1

configure: exit 0
